{
  "version": "1.5.0",
  "plugins_used": [
    {
      "name": "ArtifactoryDetector"
    },
    {
      "name": "AWSKeyDetector"
    },
    {
      "name": "AzureStorageKeyDetector"
    },
    {
      "name": "Base64HighEntropyString",
      "limit": 4.5
    },
    {
      "name": "BasicAuthDetector"
    },
    {
      "name": "CloudantDetector"
    },
    {
      "name": "DiscordBotTokenDetector"
    },
    {
      "name": "GitHubTokenDetector"
    },
    {
      "name": "GitLabTokenDetector"
    },
    {
      "name": "HexHighEntropyString",
      "limit": 3
    },
    {
      "name": "IbmCloudIamDetector"
    },
    {
      "name": "IbmCosHmacDetector"
    },
    {
      "name": "IPPublicDetector"
    },
    {
      "name": "JwtTokenDetector"
    },
    {
      "name": "MailchimpDetector"
    },
    {
      "name": "NpmDetector"
    },
    {
      "name": "OpenAIDetector"
    },
    {
      "name": "PrivateKeyDetector"
    },
    {
      "name": "PypiTokenDetector"
    },
    {
      "name": "SendGridDetector"
    },
    {
      "name": "SlackDetector"
    },
    {
      "name": "SoftlayerDetector"
    },
    {
      "name": "SquareOAuthDetector"
    },
    {
      "name": "StripeDetector"
    },
    {
      "name": "TelegramBotTokenDetector"
    },
    {
      "name": "TwilioKeyDetector"
    }
  ],
  "filters_used": [
    {
      "path": "detect_secrets.filters.allowlist.is_line_allowlisted"
    },
    {
      "path": "detect_secrets.filters.common.is_baseline_file",
      "filename": ".secrets.baseline"
    },
    {
      "path": "detect_secrets.filters.common.is_ignored_due_to_verification_policies",
      "min_level": 2
    },
    {
      "path": "detect_secrets.filters.heuristic.is_indirect_reference"
    },
    {
      "path": "detect_secrets.filters.heuristic.is_likely_id_string"
    },
    {
      "path": "detect_secrets.filters.heuristic.is_lock_file"
    },
    {
      "path": "detect_secrets.filters.heuristic.is_not_alphanumeric_string"
    },
    {
      "path": "detect_secrets.filters.heuristic.is_potential_uuid"
    },
    {
      "path": "detect_secrets.filters.heuristic.is_prefixed_with_dollar_sign"
    },
    {
      "path": "detect_secrets.filters.heuristic.is_sequential_string"
    },
    {
      "path": "detect_secrets.filters.heuristic.is_swagger_file"
    },
    {
      "path": "detect_secrets.filters.heuristic.is_templated_secret"
    },
    {
      "path": "detect_secrets.filters.regex.should_exclude_file",
      "pattern": [
        "(^|/)(node_modules|dist|coverage|target|\\.next|\\.turbo|\\.vite|\\.git|reports)(/|$)|(^|/)(pnpm-lock\\.yaml|go\\.sum|Cargo\\.lock|package-lock\\.json|yarn\\.lock)$|(^|/)\\.env(\\..*)?$|\\.tsbuildinfo$|\\.wasm-base64(\\.js|\\.mjs)$"
      ]
    }
  ],
  "results": {
    "app-tools/test/simulator-conformance.test.mjs": [
      {
        "type": "Hex High Entropy String",
        "filename": "app-tools/test/simulator-conformance.test.mjs",
        "hashed_secret": "564666dc1ca6e7318b2d5feeb1ce7b5bf717411e",
        "is_verified": false,
        "line_number": 102
      }
    ],
    "apps/avatar/src/shell/renderer/infra/ids.ts": [
      {
        "type": "Base64 High Entropy String",
        "filename": "apps/avatar/src/shell/renderer/infra/ids.ts",
        "hashed_secret": "3ea6cf17f95e272933a3b927317b7210d1bac5d5",
        "is_verified": false,
        "line_number": 1
      }
    ],
    "apps/desktop/macos/generated/macos_local_development_profile.swift": [
      {
        "type": "Hex High Entropy String",
        "filename": "apps/desktop/macos/generated/macos_local_development_profile.swift",
        "hashed_secret": "511a5563caba8a5ae5e5cacd49087a03c9057b93",
        "is_verified": false,
        "line_number": 12
      }
    ],
    "apps/desktop/product-control-core/src/account_profile_library/tests.rs": [
      {
        "type": "JSON Web Token",
        "filename": "apps/desktop/product-control-core/src/account_profile_library/tests.rs",
        "hashed_secret": "53f2a59f27c3045da5c9966db5db5411c8b405c6",
        "is_verified": false,
        "line_number": 404
      }
    ],
    "apps/simulator/test/contract/fixtures.mjs": [
      {
        "type": "Hex High Entropy String",
        "filename": "apps/simulator/test/contract/fixtures.mjs",
        "hashed_secret": "bac915466a1c8b4870d56cbac62690ae4e55dff0",
        "is_verified": false,
        "line_number": 3
      }
    ],
    "apps/simulator/test/contract/state-engine-random.test.mjs": [
      {
        "type": "Hex High Entropy String",
        "filename": "apps/simulator/test/contract/state-engine-random.test.mjs",
        "hashed_secret": "0bdd01eade2a6f1173720ea31ce44ff7324690a6",
        "is_verified": false,
        "line_number": 83
      },
      {
        "type": "Hex High Entropy String",
        "filename": "apps/simulator/test/contract/state-engine-random.test.mjs",
        "hashed_secret": "63b642923568a42f9247afc1768ea95c72a4d588",
        "is_verified": false,
        "line_number": 120
      }
    ],
    "archive/apps/relay/src/main/chat-pipeline/ulid.ts": [
      {
        "type": "Base64 High Entropy String",
        "filename": "archive/apps/relay/src/main/chat-pipeline/ulid.ts",
        "hashed_secret": "3ea6cf17f95e272933a3b927317b7210d1bac5d5",
        "is_verified": false,
        "line_number": 1
      }
    ],
    "config/runtime-managed-image-backend-packages.yaml": [
      {
        "type": "Hex High Entropy String",
        "filename": "config/runtime-managed-image-backend-packages.yaml",
        "hashed_secret": "b21cc65c8b36da558308c7383576107f590080d1",
        "is_verified": false,
        "line_number": 51
      },
      {
        "type": "Hex High Entropy String",
        "filename": "config/runtime-managed-image-backend-packages.yaml",
        "hashed_secret": "82129554e58826b630a7d1c60369ffef85e5a334",
        "is_verified": false,
        "line_number": 75
      }
    ],
    "kit/shell/protected-local/src/macos_peer_trust.rs": [
      {
        "type": "Hex High Entropy String",
        "filename": "kit/shell/protected-local/src/macos_peer_trust.rs",
        "hashed_secret": "3aa4dc17e9b3607546f778c778659a2059901f27",
        "is_verified": false,
        "line_number": 360
      }
    ],
    "kit/shell/tauri/src/standard_agent_center/tests.rs": [
      {
        "type": "Base64 High Entropy String",
        "filename": "kit/shell/tauri/src/standard_agent_center/tests.rs",
        "hashed_secret": "1ca7af8fabc995576e45f7ca9cbcddf8cb8e8535",
        "is_verified": false,
        "line_number": 103
      }
    ],
    "kit/shell/tauri/windows-test-manifest.xml": [
      {
        "type": "Hex High Entropy String",
        "filename": "kit/shell/tauri/windows-test-manifest.xml",
        "hashed_secret": "1f0e0bc8d92f1418d08159273ef8f9697ce9ba16",
        "is_verified": false,
        "line_number": 10
      }
    ],
    "nimi-cognition/internal/identity/id.go": [
      {
        "type": "Base64 High Entropy String",
        "filename": "nimi-cognition/internal/identity/id.go",
        "hashed_secret": "3ea6cf17f95e272933a3b927317b7210d1bac5d5",
        "is_verified": false,
        "line_number": 14
      }
    ],
    "runtime/catalog/providers/local.yaml": [
      {
        "type": "Hex High Entropy String",
        "filename": "runtime/catalog/providers/local.yaml",
        "hashed_secret": "b4003115c13d73581f1bd8404843069e7df3cb1f",
        "is_verified": false,
        "line_number": 30
      },
      {
        "type": "Hex High Entropy String",
        "filename": "runtime/catalog/providers/local.yaml",
        "hashed_secret": "fd216215ab8f7c1c87c15c8dacd24053bb339958",
        "is_verified": false,
        "line_number": 528
      },
      {
        "type": "Hex High Entropy String",
        "filename": "runtime/catalog/providers/local.yaml",
        "hashed_secret": "91bb76f448549bf652936fd419a75e2895e83e9a",
        "is_verified": false,
        "line_number": 663
      },
      {
        "type": "Hex High Entropy String",
        "filename": "runtime/catalog/providers/local.yaml",
        "hashed_secret": "3379fd45b2e9ce2344d704396753c92c02349fc6",
        "is_verified": false,
        "line_number": 902
      },
      {
        "type": "Hex High Entropy String",
        "filename": "runtime/catalog/providers/local.yaml",
        "hashed_secret": "69536e56188fee190676764b03102490e16bc6ec",
        "is_verified": false,
        "line_number": 1090
      },
      {
        "type": "Hex High Entropy String",
        "filename": "runtime/catalog/providers/local.yaml",
        "hashed_secret": "64c364b77bf717ca135cd331eec7a354da73c2e0",
        "is_verified": false,
        "line_number": 1249
      },
      {
        "type": "Hex High Entropy String",
        "filename": "runtime/catalog/providers/local.yaml",
        "hashed_secret": "c82b75b6cd17a1d8673433e13c656970c38323da",
        "is_verified": false,
        "line_number": 1284
      }
    ],
    "runtime/gen/realm/v1/source_materialization_openapi.go": [
      {
        "type": "Hex High Entropy String",
        "filename": "runtime/gen/realm/v1/source_materialization_openapi.go",
        "hashed_secret": "cb0bb95d8c95876d24d4e8ab6a63f5a138c23a48",
        "is_verified": false,
        "line_number": 15
      }
    ],
    "runtime/internal/engine/uv_test.go": [
      {
        "type": "Hex High Entropy String",
        "filename": "runtime/internal/engine/uv_test.go",
        "hashed_secret": "e12ca6a15d8084d5adf20f5365caa6d656070296",
        "is_verified": false,
        "line_number": 143
      }
    ],
    "runtime/internal/engine/uv_tool_materializer.go": [
      {
        "type": "Hex High Entropy String",
        "filename": "runtime/internal/engine/uv_tool_materializer.go",
        "hashed_secret": "e12ca6a15d8084d5adf20f5365caa6d656070296",
        "is_verified": false,
        "line_number": 25
      },
      {
        "type": "Hex High Entropy String",
        "filename": "runtime/internal/engine/uv_tool_materializer.go",
        "hashed_secret": "15971012fe15677132f65916a2f9e9e92677fb90",
        "is_verified": false,
        "line_number": 31
      },
      {
        "type": "Hex High Entropy String",
        "filename": "runtime/internal/engine/uv_tool_materializer.go",
        "hashed_secret": "d18e9d525f272ba348f6b34f6e789cae0660a3f0",
        "is_verified": false,
        "line_number": 37
      },
      {
        "type": "Hex High Entropy String",
        "filename": "runtime/internal/engine/uv_tool_materializer.go",
        "hashed_secret": "63b7dbd8fd4299301d13f5adce45f2786451e912",
        "is_verified": false,
        "line_number": 43
      },
      {
        "type": "Hex High Entropy String",
        "filename": "runtime/internal/engine/uv_tool_materializer.go",
        "hashed_secret": "e618d5aea2033e0b7e0eb71a78265d817348b788",
        "is_verified": false,
        "line_number": 49
      },
      {
        "type": "Hex High Entropy String",
        "filename": "runtime/internal/engine/uv_tool_materializer.go",
        "hashed_secret": "5336612b57e9c9bd6897625f4e0fe82d314e7360",
        "is_verified": false,
        "line_number": 55
      }
    ],
    "runtime/internal/grpcserver/source_materialization_issuer.go": [
      {
        "type": "Hex High Entropy String",
        "filename": "runtime/internal/grpcserver/source_materialization_issuer.go",
        "hashed_secret": "535f343982b4661a00b98f82bfc3a62348d8c13d",
        "is_verified": false,
        "line_number": 13
      }
    ],
    "runtime/internal/grpcserver/source_materialization_issuer_test.go": [
      {
        "type": "Hex High Entropy String",
        "filename": "runtime/internal/grpcserver/source_materialization_issuer_test.go",
        "hashed_secret": "535f343982b4661a00b98f82bfc3a62348d8c13d",
        "is_verified": false,
        "line_number": 41
      }
    ],
    "runtime/internal/grpcserver/source_materialization_wiring_test.go": [
      {
        "type": "Basic Auth Credentials",
        "filename": "runtime/internal/grpcserver/source_materialization_wiring_test.go",
        "hashed_secret": "e5e9fa1ba31ecd1ae84f75caaa474f3a663f05f4",
        "is_verified": false,
        "line_number": 71
      }
    ],
    "runtime/internal/protectedlocal/macos_direct_trust_local_development_darwin_test.go": [
      {
        "type": "Hex High Entropy String",
        "filename": "runtime/internal/protectedlocal/macos_direct_trust_local_development_darwin_test.go",
        "hashed_secret": "3aa4dc17e9b3607546f778c778659a2059901f27",
        "is_verified": false,
        "line_number": 9
      }
    ],
    "runtime/internal/protectedlocal/macos_direct_trust_production_darwin_test.go": [
      {
        "type": "Hex High Entropy String",
        "filename": "runtime/internal/protectedlocal/macos_direct_trust_production_darwin_test.go",
        "hashed_secret": "3aa4dc17e9b3607546f778c778659a2059901f27",
        "is_verified": false,
        "line_number": 9
      }
    ],
    "runtime/internal/services/account/realm_source_materialization_test.go": [
      {
        "type": "Basic Auth Credentials",
        "filename": "runtime/internal/services/account/realm_source_materialization_test.go",
        "hashed_secret": "e5e9fa1ba31ecd1ae84f75caaa474f3a663f05f4",
        "is_verified": false,
        "line_number": 347
      }
    ],
    "runtime/internal/services/account/realm_unary_matrix_test.go": [
      {
        "type": "Basic Auth Credentials",
        "filename": "runtime/internal/services/account/realm_unary_matrix_test.go",
        "hashed_secret": "e5e9fa1ba31ecd1ae84f75caaa474f3a663f05f4",
        "is_verified": false,
        "line_number": 128
      }
    ],
    "runtime/internal/services/localservice/local_environment_job_control_test.go": [
      {
        "type": "Hex High Entropy String",
        "filename": "runtime/internal/services/localservice/local_environment_job_control_test.go",
        "hashed_secret": "f113b1ba9cb43f4a947000f2f41ae10a04190256",
        "is_verified": false,
        "line_number": 403
      },
      {
        "type": "Hex High Entropy String",
        "filename": "runtime/internal/services/localservice/local_environment_job_control_test.go",
        "hashed_secret": "e12ca6a15d8084d5adf20f5365caa6d656070296",
        "is_verified": false,
        "line_number": 825
      }
    ],
    "runtime/internal/services/localservice/local_environment_job_python_test.go": [
      {
        "type": "Hex High Entropy String",
        "filename": "runtime/internal/services/localservice/local_environment_job_python_test.go",
        "hashed_secret": "0966eaf06633067b60000afdb96d139d81c129e6",
        "is_verified": false,
        "line_number": 440
      },
      {
        "type": "Hex High Entropy String",
        "filename": "runtime/internal/services/localservice/local_environment_job_python_test.go",
        "hashed_secret": "071952d73a505e5257487dd54cb02008fb5a785f",
        "is_verified": false,
        "line_number": 694
      },
      {
        "type": "Hex High Entropy String",
        "filename": "runtime/internal/services/localservice/local_environment_job_python_test.go",
        "hashed_secret": "e12ca6a15d8084d5adf20f5365caa6d656070296",
        "is_verified": false,
        "line_number": 1017
      }
    ],
    "runtime/internal/services/localservice/service_model_bundle_test.go": [
      {
        "type": "Hex High Entropy String",
        "filename": "runtime/internal/services/localservice/service_model_bundle_test.go",
        "hashed_secret": "fd216215ab8f7c1c87c15c8dacd24053bb339958",
        "is_verified": false,
        "line_number": 382
      }
    ],
    "runtime/internal/services/runtimeagent/agent_turn_context_source_compiler_v3_test.go": [
      {
        "type": "Hex High Entropy String",
        "filename": "runtime/internal/services/runtimeagent/agent_turn_context_source_compiler_v3_test.go",
        "hashed_secret": "638ad5a74b4081359f7aded8cd1b6c14d51f3216",
        "is_verified": false,
        "line_number": 23
      },
      {
        "type": "Hex High Entropy String",
        "filename": "runtime/internal/services/runtimeagent/agent_turn_context_source_compiler_v3_test.go",
        "hashed_secret": "38de80e78318732d7daa0647816f90af7eb4017f",
        "is_verified": false,
        "line_number": 24
      },
      {
        "type": "Hex High Entropy String",
        "filename": "runtime/internal/services/runtimeagent/agent_turn_context_source_compiler_v3_test.go",
        "hashed_secret": "50231c3617cf7151e06aabe71a2471691232524c",
        "is_verified": false,
        "line_number": 25
      },
      {
        "type": "Hex High Entropy String",
        "filename": "runtime/internal/services/runtimeagent/agent_turn_context_source_compiler_v3_test.go",
        "hashed_secret": "18ab94bcd7e205ffeac3db4bc10cf9fb5d1834b2",
        "is_verified": false,
        "line_number": 35
      },
      {
        "type": "Hex High Entropy String",
        "filename": "runtime/internal/services/runtimeagent/agent_turn_context_source_compiler_v3_test.go",
        "hashed_secret": "d779fcf4a24096286b6cc3f2dfe48a26b3174555",
        "is_verified": false,
        "line_number": 36
      },
      {
        "type": "Hex High Entropy String",
        "filename": "runtime/internal/services/runtimeagent/agent_turn_context_source_compiler_v3_test.go",
        "hashed_secret": "e24bca684c4e4cd234d07f43ad01abccbf90e432",
        "is_verified": false,
        "line_number": 37
      },
      {
        "type": "Hex High Entropy String",
        "filename": "runtime/internal/services/runtimeagent/agent_turn_context_source_compiler_v3_test.go",
        "hashed_secret": "a4ce25e99e6b2f4a1bba95b46e0ae11b816ba5ce",
        "is_verified": false,
        "line_number": 176
      }
    ],
    "runtime/internal/services/runtimeagent/local_agent_identity_boundary_test.go": [
      {
        "type": "Hex High Entropy String",
        "filename": "runtime/internal/services/runtimeagent/local_agent_identity_boundary_test.go",
        "hashed_secret": "4ba2929e9c7dd2222116552ad88cabcbb6a51d6f",
        "is_verified": false,
        "line_number": 31
      }
    ],
    "runtime/internal/services/runtimeagent/realm_source_materialization_compact_integration_test.go": [
      {
        "type": "Hex High Entropy String",
        "filename": "runtime/internal/services/runtimeagent/realm_source_materialization_compact_integration_test.go",
        "hashed_secret": "535f343982b4661a00b98f82bfc3a62348d8c13d",
        "is_verified": false,
        "line_number": 27
      }
    ]
  },
  "generated_at": "2026-07-29T10:21:00Z"
}
