{
  "version": "1.5.0",
  "plugins_used": [
    {
      "name": "ArtifactoryDetector"
    },
    {
      "name": "AWSKeyDetector"
    },
    {
      "name": "AzureStorageKeyDetector"
    },
    {
      "name": "Base64HighEntropyString",
      "limit": 4.5
    },
    {
      "name": "BasicAuthDetector"
    },
    {
      "name": "CloudantDetector"
    },
    {
      "name": "DiscordBotTokenDetector"
    },
    {
      "name": "GitHubTokenDetector"
    },
    {
      "name": "GitLabTokenDetector"
    },
    {
      "name": "HexHighEntropyString",
      "limit": 3.0
    },
    {
      "name": "IbmCloudIamDetector"
    },
    {
      "name": "IbmCosHmacDetector"
    },
    {
      "name": "IPPublicDetector"
    },
    {
      "name": "JwtTokenDetector"
    },
    {
      "name": "MailchimpDetector"
    },
    {
      "name": "NpmDetector"
    },
    {
      "name": "OpenAIDetector"
    },
    {
      "name": "PrivateKeyDetector"
    },
    {
      "name": "PypiTokenDetector"
    },
    {
      "name": "SendGridDetector"
    },
    {
      "name": "SlackDetector"
    },
    {
      "name": "SoftlayerDetector"
    },
    {
      "name": "SquareOAuthDetector"
    },
    {
      "name": "StripeDetector"
    },
    {
      "name": "TelegramBotTokenDetector"
    },
    {
      "name": "TwilioKeyDetector"
    }
  ],
  "filters_used": [
    {
      "path": "detect_secrets.filters.allowlist.is_line_allowlisted"
    },
    {
      "path": "detect_secrets.filters.common.is_ignored_due_to_verification_policies",
      "min_level": 2
    },
    {
      "path": "detect_secrets.filters.heuristic.is_indirect_reference"
    },
    {
      "path": "detect_secrets.filters.heuristic.is_likely_id_string"
    },
    {
      "path": "detect_secrets.filters.heuristic.is_lock_file"
    },
    {
      "path": "detect_secrets.filters.heuristic.is_not_alphanumeric_string"
    },
    {
      "path": "detect_secrets.filters.heuristic.is_potential_uuid"
    },
    {
      "path": "detect_secrets.filters.heuristic.is_prefixed_with_dollar_sign"
    },
    {
      "path": "detect_secrets.filters.heuristic.is_sequential_string"
    },
    {
      "path": "detect_secrets.filters.heuristic.is_swagger_file"
    },
    {
      "path": "detect_secrets.filters.heuristic.is_templated_secret"
    },
    {
      "path": "detect_secrets.filters.regex.should_exclude_file",
      "pattern": [
        "(^|/)(node_modules|dist|coverage|target|\\.next|\\.turbo|\\.vite|\\.git|reports)(/|$)|(^|/)(pnpm-lock\\.yaml|go\\.sum|Cargo\\.lock|package-lock\\.json|yarn\\.lock)$|(^|/)\\.env(\\..*)?$|(^|/)apps/desktop/src-tauri/resources/(desktop-release-manifest\\.json|runtime/manifest\\.json)$|\\.tsbuildinfo$|\\.wasm-base64(\\.js|\\.mjs)$"
      ]
    }
  ],
  "results": {
    ".nimi/spec/runtime/kernel/tables/managed-image-backend-packages.yaml": [
      {
        "type": "Hex High Entropy String",
        "filename": ".nimi/spec/runtime/kernel/tables/managed-image-backend-packages.yaml",
        "hashed_secret": "b21cc65c8b36da558308c7383576107f590080d1",
        "is_verified": false,
        "line_number": 30
      },
      {
        "type": "Hex High Entropy String",
        "filename": ".nimi/spec/runtime/kernel/tables/managed-image-backend-packages.yaml",
        "hashed_secret": "82129554e58826b630a7d1c60369ffef85e5a334",
        "is_verified": false,
        "line_number": 53
      }
    ],
    "apps/avatar/src/shell/renderer/infra/ids.ts": [
      {
        "type": "Base64 High Entropy String",
        "filename": "apps/avatar/src/shell/renderer/infra/ids.ts",
        "hashed_secret": "3ea6cf17f95e272933a3b927317b7210d1bac5d5",
        "is_verified": false,
        "line_number": 1
      }
    ],
    "apps/desktop/e2e/fixtures/avatar-debug/vrm-package/manifest.json": [
      {
        "type": "Hex High Entropy String",
        "filename": "apps/desktop/e2e/fixtures/avatar-debug/vrm-package/manifest.json",
        "hashed_secret": "24eba11e36a308296618303094797e5b03232a77",
        "is_verified": false,
        "line_number": 17
      }
    ],
    "apps/desktop/test/avatar-debug-e2e-closeout.test.ts": [
      {
        "type": "Hex High Entropy String",
        "filename": "apps/desktop/test/avatar-debug-e2e-closeout.test.ts",
        "hashed_secret": "24eba11e36a308296618303094797e5b03232a77",
        "is_verified": false,
        "line_number": 22
      },
      {
        "type": "Hex High Entropy String",
        "filename": "apps/desktop/test/avatar-debug-e2e-closeout.test.ts",
        "hashed_secret": "8771474d7b4043438861757a5a432fd574d10853",
        "is_verified": false,
        "line_number": 23
      }
    ],
    "apps/parentos/src/shell/renderer/bridge/ulid.ts": [
      {
        "type": "Base64 High Entropy String",
        "filename": "apps/parentos/src/shell/renderer/bridge/ulid.ts",
        "hashed_secret": "3ea6cf17f95e272933a3b927317b7210d1bac5d5",
        "is_verified": false,
        "line_number": 2
      }
    ],
    "apps/parentos/src/shell/renderer/knowledge-base/gen/knowledge-asset-fingerprints.gen.ts": [
      {
        "type": "Hex High Entropy String",
        "filename": "apps/parentos/src/shell/renderer/knowledge-base/gen/knowledge-asset-fingerprints.gen.ts",
        "hashed_secret": "20e8fa67b0f62301565d094581292d4c90fb7a41",
        "is_verified": false,
        "line_number": 14
      },
      {
        "type": "Hex High Entropy String",
        "filename": "apps/parentos/src/shell/renderer/knowledge-base/gen/knowledge-asset-fingerprints.gen.ts",
        "hashed_secret": "b80040fb85242ca410e127674269ccd94207fd79",
        "is_verified": false,
        "line_number": 20
      },
      {
        "type": "Hex High Entropy String",
        "filename": "apps/parentos/src/shell/renderer/knowledge-base/gen/knowledge-asset-fingerprints.gen.ts",
        "hashed_secret": "58f1f26689d1371781fc20089b2e8ca61618044d",
        "is_verified": false,
        "line_number": 26
      },
      {
        "type": "Hex High Entropy String",
        "filename": "apps/parentos/src/shell/renderer/knowledge-base/gen/knowledge-asset-fingerprints.gen.ts",
        "hashed_secret": "22b740bcf2f784441a11a7b5b8788f379820128e",
        "is_verified": false,
        "line_number": 32
      },
      {
        "type": "Hex High Entropy String",
        "filename": "apps/parentos/src/shell/renderer/knowledge-base/gen/knowledge-asset-fingerprints.gen.ts",
        "hashed_secret": "ce3b4f651e5a04cd3b52d73a9cd0631b08e64b2e",
        "is_verified": false,
        "line_number": 38
      }
    ],
    "archive/apps/relay/src/main/chat-pipeline/ulid.ts": [
      {
        "type": "Base64 High Entropy String",
        "filename": "archive/apps/relay/src/main/chat-pipeline/ulid.ts",
        "hashed_secret": "3ea6cf17f95e272933a3b927317b7210d1bac5d5",
        "is_verified": false,
        "line_number": 1
      }
    ],
    "nimi-cognition/internal/identity/id.go": [
      {
        "type": "Base64 High Entropy String",
        "filename": "nimi-cognition/internal/identity/id.go",
        "hashed_secret": "3ea6cf17f95e272933a3b927317b7210d1bac5d5",
        "is_verified": false,
        "line_number": 14
      }
    ],
    "runtime/cmd/nimi/mods/source-mod/.nimi-install.json": [
      {
        "type": "Base64 High Entropy String",
        "filename": "runtime/cmd/nimi/mods/source-mod/.nimi-install.json",
        "hashed_secret": "3007175503d0b042daad45e696cc8a3d51758ac8",
        "is_verified": false,
        "line_number": 2
      }
    ],
    "runtime/internal/engine/managed_image_backend_packages.go": [
      {
        "type": "Hex High Entropy String",
        "filename": "runtime/internal/engine/managed_image_backend_packages.go",
        "hashed_secret": "b21cc65c8b36da558308c7383576107f590080d1",
        "is_verified": false,
        "line_number": 76
      },
      {
        "type": "Hex High Entropy String",
        "filename": "runtime/internal/engine/managed_image_backend_packages.go",
        "hashed_secret": "82129554e58826b630a7d1c60369ffef85e5a334",
        "is_verified": false,
        "line_number": 94
      }
    ],
    "runtime/internal/engine/uv_test.go": [
      {
        "type": "Hex High Entropy String",
        "filename": "runtime/internal/engine/uv_test.go",
        "hashed_secret": "e12ca6a15d8084d5adf20f5365caa6d656070296",
        "is_verified": false,
        "line_number": 35
      }
    ],
    "runtime/internal/engine/uv_tool_materializer.go": [
      {
        "type": "Hex High Entropy String",
        "filename": "runtime/internal/engine/uv_tool_materializer.go",
        "hashed_secret": "e12ca6a15d8084d5adf20f5365caa6d656070296",
        "is_verified": false,
        "line_number": 25
      },
      {
        "type": "Hex High Entropy String",
        "filename": "runtime/internal/engine/uv_tool_materializer.go",
        "hashed_secret": "15971012fe15677132f65916a2f9e9e92677fb90",
        "is_verified": false,
        "line_number": 31
      },
      {
        "type": "Hex High Entropy String",
        "filename": "runtime/internal/engine/uv_tool_materializer.go",
        "hashed_secret": "d18e9d525f272ba348f6b34f6e789cae0660a3f0",
        "is_verified": false,
        "line_number": 37
      },
      {
        "type": "Hex High Entropy String",
        "filename": "runtime/internal/engine/uv_tool_materializer.go",
        "hashed_secret": "63b7dbd8fd4299301d13f5adce45f2786451e912",
        "is_verified": false,
        "line_number": 43
      },
      {
        "type": "Hex High Entropy String",
        "filename": "runtime/internal/engine/uv_tool_materializer.go",
        "hashed_secret": "e618d5aea2033e0b7e0eb71a78265d817348b788",
        "is_verified": false,
        "line_number": 49
      },
      {
        "type": "Hex High Entropy String",
        "filename": "runtime/internal/engine/uv_tool_materializer.go",
        "hashed_secret": "5336612b57e9c9bd6897625f4e0fe82d314e7360",
        "is_verified": false,
        "line_number": 55
      }
    ],
    "runtime/internal/services/localservice/local_environment_job_control_test.go": [
      {
        "type": "Hex High Entropy String",
        "filename": "runtime/internal/services/localservice/local_environment_job_control_test.go",
        "hashed_secret": "f113b1ba9cb43f4a947000f2f41ae10a04190256",
        "is_verified": false,
        "line_number": 209
      },
      {
        "type": "Hex High Entropy String",
        "filename": "runtime/internal/services/localservice/local_environment_job_control_test.go",
        "hashed_secret": "e12ca6a15d8084d5adf20f5365caa6d656070296",
        "is_verified": false,
        "line_number": 372
      }
    ],
    "runtime/internal/services/localservice/local_environment_job_python_test.go": [
      {
        "type": "Hex High Entropy String",
        "filename": "runtime/internal/services/localservice/local_environment_job_python_test.go",
        "hashed_secret": "0966eaf06633067b60000afdb96d139d81c129e6",
        "is_verified": false,
        "line_number": 226
      },
      {
        "type": "Hex High Entropy String",
        "filename": "runtime/internal/services/localservice/local_environment_job_python_test.go",
        "hashed_secret": "071952d73a505e5257487dd54cb02008fb5a785f",
        "is_verified": false,
        "line_number": 347
      }
    ],
    "sdk/packages/sdk/test/client.test.ts": [
      {
        "type": "Hex High Entropy String",
        "filename": "sdk/packages/sdk/test/client.test.ts",
        "hashed_secret": "bec46160d2b555e972752dabc838864fc20500a6",
        "is_verified": false,
        "line_number": 191
      }
    ],
    "sdk/src/runtime/ids.ts": [
      {
        "type": "Base64 High Entropy String",
        "filename": "sdk/src/runtime/ids.ts",
        "hashed_secret": "3ea6cf17f95e272933a3b927317b7210d1bac5d5",
        "is_verified": false,
        "line_number": 4
      }
    ]
  },
  "generated_at": "2026-05-12T02:57:38Z"
}
