{
  "version": "1.5.0",
  "plugins_used": [
    {
      "name": "ArtifactoryDetector"
    },
    {
      "name": "AWSKeyDetector"
    },
    {
      "name": "AzureStorageKeyDetector"
    },
    {
      "name": "Base64HighEntropyString",
      "limit": 4.5
    },
    {
      "name": "BasicAuthDetector"
    },
    {
      "name": "CloudantDetector"
    },
    {
      "name": "DiscordBotTokenDetector"
    },
    {
      "name": "GitHubTokenDetector"
    },
    {
      "name": "GitLabTokenDetector"
    },
    {
      "name": "HexHighEntropyString",
      "limit": 3
    },
    {
      "name": "IbmCloudIamDetector"
    },
    {
      "name": "IbmCosHmacDetector"
    },
    {
      "name": "IPPublicDetector"
    },
    {
      "name": "JwtTokenDetector"
    },
    {
      "name": "MailchimpDetector"
    },
    {
      "name": "NpmDetector"
    },
    {
      "name": "OpenAIDetector"
    },
    {
      "name": "PrivateKeyDetector"
    },
    {
      "name": "PypiTokenDetector"
    },
    {
      "name": "SendGridDetector"
    },
    {
      "name": "SlackDetector"
    },
    {
      "name": "SoftlayerDetector"
    },
    {
      "name": "SquareOAuthDetector"
    },
    {
      "name": "StripeDetector"
    },
    {
      "name": "TelegramBotTokenDetector"
    },
    {
      "name": "TwilioKeyDetector"
    }
  ],
  "filters_used": [
    {
      "path": "detect_secrets.filters.allowlist.is_line_allowlisted"
    },
    {
      "path": "detect_secrets.filters.common.is_baseline_file",
      "filename": ".secrets.baseline"
    },
    {
      "path": "detect_secrets.filters.common.is_ignored_due_to_verification_policies",
      "min_level": 2
    },
    {
      "path": "detect_secrets.filters.heuristic.is_indirect_reference"
    },
    {
      "path": "detect_secrets.filters.heuristic.is_likely_id_string"
    },
    {
      "path": "detect_secrets.filters.heuristic.is_lock_file"
    },
    {
      "path": "detect_secrets.filters.heuristic.is_not_alphanumeric_string"
    },
    {
      "path": "detect_secrets.filters.heuristic.is_potential_uuid"
    },
    {
      "path": "detect_secrets.filters.heuristic.is_prefixed_with_dollar_sign"
    },
    {
      "path": "detect_secrets.filters.heuristic.is_sequential_string"
    },
    {
      "path": "detect_secrets.filters.heuristic.is_swagger_file"
    },
    {
      "path": "detect_secrets.filters.heuristic.is_templated_secret"
    },
    {
      "path": "detect_secrets.filters.regex.should_exclude_file",
      "pattern": [
        "(^|/)(node_modules|dist|coverage|target|\\.next|\\.turbo|\\.vite|\\.git|reports)(/|$)|(^|/)(pnpm-lock\\.yaml|go\\.sum|Cargo\\.lock|package-lock\\.json|yarn\\.lock)$|(^|/)\\.env(\\..*)?$|(^|/)apps/desktop/src-tauri/resources/(desktop-release-manifest\\.json|runtime/manifest\\.json)$|\\.tsbuildinfo$|\\.wasm-base64(\\.js|\\.mjs)$"
      ]
    }
  ],
  "results": {
    ".nimi/spec/runtime/kernel/tables/managed-image-backend-packages.yaml": [
      {
        "type": "Hex High Entropy String",
        "filename": ".nimi/spec/runtime/kernel/tables/managed-image-backend-packages.yaml",
        "hashed_secret": "b21cc65c8b36da558308c7383576107f590080d1",
        "is_verified": false,
        "line_number": 48
      },
      {
        "type": "Hex High Entropy String",
        "filename": ".nimi/spec/runtime/kernel/tables/managed-image-backend-packages.yaml",
        "hashed_secret": "82129554e58826b630a7d1c60369ffef85e5a334",
        "is_verified": false,
        "line_number": 72
      }
    ],
    "apps/avatar/src/shell/renderer/infra/ids.ts": [
      {
        "type": "Base64 High Entropy String",
        "filename": "apps/avatar/src/shell/renderer/infra/ids.ts",
        "hashed_secret": "3ea6cf17f95e272933a3b927317b7210d1bac5d5",
        "is_verified": false,
        "line_number": 1
      }
    ],
    "apps/desktop/e2e/fixtures/avatar-debug/vrm-package/manifest.json": [
      {
        "type": "Hex High Entropy String",
        "filename": "apps/desktop/e2e/fixtures/avatar-debug/vrm-package/manifest.json",
        "hashed_secret": "24eba11e36a308296618303094797e5b03232a77",
        "is_verified": false,
        "line_number": 17
      }
    ],
    "apps/desktop/e2e/fixtures/source-materialization-packet-v3.mjs": [
      {
        "type": "Hex High Entropy String",
        "filename": "apps/desktop/e2e/fixtures/source-materialization-packet-v3.mjs",
        "hashed_secret": "535f343982b4661a00b98f82bfc3a62348d8c13d",
        "is_verified": false,
        "line_number": 11
      }
    ],
    "apps/desktop/e2e/fixtures/source-materialization-reference-v3/persona-character.json": [
      {
        "type": "Base64 High Entropy String",
        "filename": "apps/desktop/e2e/fixtures/source-materialization-reference-v3/persona-character.json",
        "hashed_secret": "bffaef3d423b075aa555db6f8f657a07c795a857",
        "is_verified": false,
        "line_number": 12
      },
      {
        "type": "Hex High Entropy String",
        "filename": "apps/desktop/e2e/fixtures/source-materialization-reference-v3/persona-character.json",
        "hashed_secret": "4ba2929e9c7dd2222116552ad88cabcbb6a51d6f",
        "is_verified": false,
        "line_number": 32
      },
      {
        "type": "Hex High Entropy String",
        "filename": "apps/desktop/e2e/fixtures/source-materialization-reference-v3/persona-character.json",
        "hashed_secret": "535f343982b4661a00b98f82bfc3a62348d8c13d",
        "is_verified": false,
        "line_number": 35
      },
      {
        "type": "Hex High Entropy String",
        "filename": "apps/desktop/e2e/fixtures/source-materialization-reference-v3/persona-character.json",
        "hashed_secret": "bfafa56195f63858987977761c52113e9d8eeb97",
        "is_verified": false,
        "line_number": 36
      },
      {
        "type": "Hex High Entropy String",
        "filename": "apps/desktop/e2e/fixtures/source-materialization-reference-v3/persona-character.json",
        "hashed_secret": "7a4657df318b22ba61e1462fc48e79d896aa5552",
        "is_verified": false,
        "line_number": 37
      },
      {
        "type": "Hex High Entropy String",
        "filename": "apps/desktop/e2e/fixtures/source-materialization-reference-v3/persona-character.json",
        "hashed_secret": "61c700d6ea4582d0f9d776b2a367549b7fb58699",
        "is_verified": false,
        "line_number": 38
      },
      {
        "type": "Hex High Entropy String",
        "filename": "apps/desktop/e2e/fixtures/source-materialization-reference-v3/persona-character.json",
        "hashed_secret": "18ab94bcd7e205ffeac3db4bc10cf9fb5d1834b2",
        "is_verified": false,
        "line_number": 39
      },
      {
        "type": "Hex High Entropy String",
        "filename": "apps/desktop/e2e/fixtures/source-materialization-reference-v3/persona-character.json",
        "hashed_secret": "85e4387a50daa52fd218107e18f6840e971761cc",
        "is_verified": false,
        "line_number": 58
      },
      {
        "type": "Hex High Entropy String",
        "filename": "apps/desktop/e2e/fixtures/source-materialization-reference-v3/persona-character.json",
        "hashed_secret": "63a9d433c8d94d62095b6922d4987367b281352e",
        "is_verified": false,
        "line_number": 255
      },
      {
        "type": "Hex High Entropy String",
        "filename": "apps/desktop/e2e/fixtures/source-materialization-reference-v3/persona-character.json",
        "hashed_secret": "646e89ba95499ecf1d6097d06bbc2cdceaeeed05",
        "is_verified": false,
        "line_number": 257
      },
      {
        "type": "Hex High Entropy String",
        "filename": "apps/desktop/e2e/fixtures/source-materialization-reference-v3/persona-character.json",
        "hashed_secret": "8a38b9e0403d400182436f0a3bdeff6ebd766f74",
        "is_verified": false,
        "line_number": 282
      },
      {
        "type": "Hex High Entropy String",
        "filename": "apps/desktop/e2e/fixtures/source-materialization-reference-v3/persona-character.json",
        "hashed_secret": "9ae37dfedd58643b0f1d7b820ebcae2e3cddd4a5",
        "is_verified": false,
        "line_number": 415
      },
      {
        "type": "Hex High Entropy String",
        "filename": "apps/desktop/e2e/fixtures/source-materialization-reference-v3/persona-character.json",
        "hashed_secret": "9c86548b5b07b9c55f7f46c530942faa05fc4a30",
        "is_verified": false,
        "line_number": 599
      },
      {
        "type": "Hex High Entropy String",
        "filename": "apps/desktop/e2e/fixtures/source-materialization-reference-v3/persona-character.json",
        "hashed_secret": "5603a28647e274000c137146b8d6b592b4dee297",
        "is_verified": false,
        "line_number": 612
      },
      {
        "type": "Hex High Entropy String",
        "filename": "apps/desktop/e2e/fixtures/source-materialization-reference-v3/persona-character.json",
        "hashed_secret": "89135e3e20b1f06b8e5707b7548ca54f21f66e54",
        "is_verified": false,
        "line_number": 621
      },
      {
        "type": "Hex High Entropy String",
        "filename": "apps/desktop/e2e/fixtures/source-materialization-reference-v3/persona-character.json",
        "hashed_secret": "fc77ff355af6542a870ffb874c6fea8873277f79",
        "is_verified": false,
        "line_number": 652
      },
      {
        "type": "Hex High Entropy String",
        "filename": "apps/desktop/e2e/fixtures/source-materialization-reference-v3/persona-character.json",
        "hashed_secret": "95f2524a8e7208878cd248d027b71d89f6740abf",
        "is_verified": false,
        "line_number": 662
      },
      {
        "type": "Base64 High Entropy String",
        "filename": "apps/desktop/e2e/fixtures/source-materialization-reference-v3/persona-character.json",
        "hashed_secret": "61f706649e32309004b00b03332d0dbd6199a5d5",
        "is_verified": false,
        "line_number": 694
      },
      {
        "type": "Base64 High Entropy String",
        "filename": "apps/desktop/e2e/fixtures/source-materialization-reference-v3/persona-character.json",
        "hashed_secret": "75db2fa3fd6360bf8f10d4977c18f205f4031176",
        "is_verified": false,
        "line_number": 706
      },
      {
        "type": "Hex High Entropy String",
        "filename": "apps/desktop/e2e/fixtures/source-materialization-reference-v3/persona-character.json",
        "hashed_secret": "e5023c38f34b5a7912eaf6c63f524bd27b91b5f8",
        "is_verified": false,
        "line_number": 737
      },
      {
        "type": "Base64 High Entropy String",
        "filename": "apps/desktop/e2e/fixtures/source-materialization-reference-v3/persona-character.json",
        "hashed_secret": "af978f00dded3f4a05c53528c260477a0e961423",
        "is_verified": false,
        "line_number": 762
      },
      {
        "type": "Base64 High Entropy String",
        "filename": "apps/desktop/e2e/fixtures/source-materialization-reference-v3/persona-character.json",
        "hashed_secret": "36e23ab3e855fb7871bc45ef684ae6e08b41c08f",
        "is_verified": false,
        "line_number": 779
      },
      {
        "type": "Hex High Entropy String",
        "filename": "apps/desktop/e2e/fixtures/source-materialization-reference-v3/persona-character.json",
        "hashed_secret": "0beff7414ff1f7dbcfb8321d16441804b3dbc2fa",
        "is_verified": false,
        "line_number": 817
      },
      {
        "type": "Hex High Entropy String",
        "filename": "apps/desktop/e2e/fixtures/source-materialization-reference-v3/persona-character.json",
        "hashed_secret": "d779fcf4a24096286b6cc3f2dfe48a26b3174555",
        "is_verified": false,
        "line_number": 818
      }
    ],
    "apps/desktop/e2e/fixtures/source-materialization-reference-v3/world-character.json": [
      {
        "type": "Base64 High Entropy String",
        "filename": "apps/desktop/e2e/fixtures/source-materialization-reference-v3/world-character.json",
        "hashed_secret": "bffaef3d423b075aa555db6f8f657a07c795a857",
        "is_verified": false,
        "line_number": 1
      },
      {
        "type": "Hex High Entropy String",
        "filename": "apps/desktop/e2e/fixtures/source-materialization-reference-v3/world-character.json",
        "hashed_secret": "b1496525937421cd4acdfddd64e8efc4a4f48e67",
        "is_verified": false,
        "line_number": 2
      },
      {
        "type": "Hex High Entropy String",
        "filename": "apps/desktop/e2e/fixtures/source-materialization-reference-v3/world-character.json",
        "hashed_secret": "535f343982b4661a00b98f82bfc3a62348d8c13d",
        "is_verified": false,
        "line_number": 3
      },
      {
        "type": "Hex High Entropy String",
        "filename": "apps/desktop/e2e/fixtures/source-materialization-reference-v3/world-character.json",
        "hashed_secret": "638ad5a74b4081359f7aded8cd1b6c14d51f3216",
        "is_verified": false,
        "line_number": 3
      },
      {
        "type": "Hex High Entropy String",
        "filename": "apps/desktop/e2e/fixtures/source-materialization-reference-v3/world-character.json",
        "hashed_secret": "8da8682cb3c21eea1ea1bef49fe5cbf3360ddc05",
        "is_verified": false,
        "line_number": 3
      },
      {
        "type": "Hex High Entropy String",
        "filename": "apps/desktop/e2e/fixtures/source-materialization-reference-v3/world-character.json",
        "hashed_secret": "9fc7b14da31a601ea9db379fadf7a1c989ac8367",
        "is_verified": false,
        "line_number": 3
      },
      {
        "type": "Hex High Entropy String",
        "filename": "apps/desktop/e2e/fixtures/source-materialization-reference-v3/world-character.json",
        "hashed_secret": "b9ca989fbb17f7a0b950ba229f789f172ab3e578",
        "is_verified": false,
        "line_number": 3
      },
      {
        "type": "Hex High Entropy String",
        "filename": "apps/desktop/e2e/fixtures/source-materialization-reference-v3/world-character.json",
        "hashed_secret": "47c7c4ed5b790f20718c7f490a386b1d8a101b31",
        "is_verified": false,
        "line_number": 5
      },
      {
        "type": "Hex High Entropy String",
        "filename": "apps/desktop/e2e/fixtures/source-materialization-reference-v3/world-character.json",
        "hashed_secret": "89239384e0a2946cd51a569eaf465db22052864b",
        "is_verified": false,
        "line_number": 10
      },
      {
        "type": "Hex High Entropy String",
        "filename": "apps/desktop/e2e/fixtures/source-materialization-reference-v3/world-character.json",
        "hashed_secret": "950d09cee34d126bf537fcb131e7f95f51e416c2",
        "is_verified": false,
        "line_number": 10
      },
      {
        "type": "Hex High Entropy String",
        "filename": "apps/desktop/e2e/fixtures/source-materialization-reference-v3/world-character.json",
        "hashed_secret": "8a38b9e0403d400182436f0a3bdeff6ebd766f74",
        "is_verified": false,
        "line_number": 11
      },
      {
        "type": "Hex High Entropy String",
        "filename": "apps/desktop/e2e/fixtures/source-materialization-reference-v3/world-character.json",
        "hashed_secret": "c9198046bb2931dda2dad2212b6ebff4379a9935",
        "is_verified": false,
        "line_number": 15
      },
      {
        "type": "Hex High Entropy String",
        "filename": "apps/desktop/e2e/fixtures/source-materialization-reference-v3/world-character.json",
        "hashed_secret": "246cb714a35f2273ef418890280ad4e9359695d6",
        "is_verified": false,
        "line_number": 16
      },
      {
        "type": "Hex High Entropy String",
        "filename": "apps/desktop/e2e/fixtures/source-materialization-reference-v3/world-character.json",
        "hashed_secret": "55f5d7b9934a19a2aada275f568b794761ad7ade",
        "is_verified": false,
        "line_number": 17
      },
      {
        "type": "Hex High Entropy String",
        "filename": "apps/desktop/e2e/fixtures/source-materialization-reference-v3/world-character.json",
        "hashed_secret": "4f57630e00ebd6f872ab1547f21d1a46a858956d",
        "is_verified": false,
        "line_number": 19
      },
      {
        "type": "Hex High Entropy String",
        "filename": "apps/desktop/e2e/fixtures/source-materialization-reference-v3/world-character.json",
        "hashed_secret": "3ce0b8777680d8aa13389677d3d5f2451fcee10b",
        "is_verified": false,
        "line_number": 20
      },
      {
        "type": "Hex High Entropy String",
        "filename": "apps/desktop/e2e/fixtures/source-materialization-reference-v3/world-character.json",
        "hashed_secret": "980ccb37f1102d8ff5a1a0c7a0132b9d8c05a3a0",
        "is_verified": false,
        "line_number": 22
      },
      {
        "type": "Hex High Entropy String",
        "filename": "apps/desktop/e2e/fixtures/source-materialization-reference-v3/world-character.json",
        "hashed_secret": "f0915190d9e05a87e6cf104cd0a00ef5fb7c6833",
        "is_verified": false,
        "line_number": 26
      },
      {
        "type": "Hex High Entropy String",
        "filename": "apps/desktop/e2e/fixtures/source-materialization-reference-v3/world-character.json",
        "hashed_secret": "301ca94ba5198587c6a86bad9f0b3dd084617ec7",
        "is_verified": false,
        "line_number": 38
      },
      {
        "type": "Hex High Entropy String",
        "filename": "apps/desktop/e2e/fixtures/source-materialization-reference-v3/world-character.json",
        "hashed_secret": "09e8548a20c7e51340d831ebf83eea7eb2a12460",
        "is_verified": false,
        "line_number": 39
      },
      {
        "type": "Hex High Entropy String",
        "filename": "apps/desktop/e2e/fixtures/source-materialization-reference-v3/world-character.json",
        "hashed_secret": "ad174d1f114190e7e5814ffc3c5ebada5d7300b5",
        "is_verified": false,
        "line_number": 39
      },
      {
        "type": "Hex High Entropy String",
        "filename": "apps/desktop/e2e/fixtures/source-materialization-reference-v3/world-character.json",
        "hashed_secret": "37bbfde95ac2ca789f4f9ea9e3aa37f69a114595",
        "is_verified": false,
        "line_number": 40
      },
      {
        "type": "Hex High Entropy String",
        "filename": "apps/desktop/e2e/fixtures/source-materialization-reference-v3/world-character.json",
        "hashed_secret": "0ea5cb58b1248ac56edc164c3e4e7d9facfff028",
        "is_verified": false,
        "line_number": 41
      },
      {
        "type": "Hex High Entropy String",
        "filename": "apps/desktop/e2e/fixtures/source-materialization-reference-v3/world-character.json",
        "hashed_secret": "95f2524a8e7208878cd248d027b71d89f6740abf",
        "is_verified": false,
        "line_number": 42
      },
      {
        "type": "Hex High Entropy String",
        "filename": "apps/desktop/e2e/fixtures/source-materialization-reference-v3/world-character.json",
        "hashed_secret": "aba59a9e60c6e0f8b2883935c13fb37938012155",
        "is_verified": false,
        "line_number": 42
      },
      {
        "type": "Base64 High Entropy String",
        "filename": "apps/desktop/e2e/fixtures/source-materialization-reference-v3/world-character.json",
        "hashed_secret": "91bf333649f7aae349c05b941e6fbb346c994bf8",
        "is_verified": false,
        "line_number": 44
      },
      {
        "type": "Base64 High Entropy String",
        "filename": "apps/desktop/e2e/fixtures/source-materialization-reference-v3/world-character.json",
        "hashed_secret": "75db2fa3fd6360bf8f10d4977c18f205f4031176",
        "is_verified": false,
        "line_number": 45
      },
      {
        "type": "Base64 High Entropy String",
        "filename": "apps/desktop/e2e/fixtures/source-materialization-reference-v3/world-character.json",
        "hashed_secret": "e3c275df8a3c59ea0c2215ab1c1c182101df79c1",
        "is_verified": false,
        "line_number": 46
      },
      {
        "type": "Hex High Entropy String",
        "filename": "apps/desktop/e2e/fixtures/source-materialization-reference-v3/world-character.json",
        "hashed_secret": "2d3fa0ac8905888a31912eeb771addb6a6c10b42",
        "is_verified": false,
        "line_number": 48
      },
      {
        "type": "Hex High Entropy String",
        "filename": "apps/desktop/e2e/fixtures/source-materialization-reference-v3/world-character.json",
        "hashed_secret": "818950567c7dc0b8a7c70c5bd2450bd67421b264",
        "is_verified": false,
        "line_number": 48
      },
      {
        "type": "Hex High Entropy String",
        "filename": "apps/desktop/e2e/fixtures/source-materialization-reference-v3/world-character.json",
        "hashed_secret": "294c9c2ce79c21a5590c2d38687f84fe92d3ba45",
        "is_verified": false,
        "line_number": 49
      },
      {
        "type": "Base64 High Entropy String",
        "filename": "apps/desktop/e2e/fixtures/source-materialization-reference-v3/world-character.json",
        "hashed_secret": "80fd72598e33d3ee58285dd5d5d6f5aed403cc49",
        "is_verified": false,
        "line_number": 51
      },
      {
        "type": "Base64 High Entropy String",
        "filename": "apps/desktop/e2e/fixtures/source-materialization-reference-v3/world-character.json",
        "hashed_secret": "b2212fdcf9ed3f07370d34b7479f1cd4adc41fd1",
        "is_verified": false,
        "line_number": 52
      },
      {
        "type": "Base64 High Entropy String",
        "filename": "apps/desktop/e2e/fixtures/source-materialization-reference-v3/world-character.json",
        "hashed_secret": "49182961727439c65b194145f603c81e99ee0935",
        "is_verified": false,
        "line_number": 53
      },
      {
        "type": "Hex High Entropy String",
        "filename": "apps/desktop/e2e/fixtures/source-materialization-reference-v3/world-character.json",
        "hashed_secret": "059beb4f62820b380aa951225b7aa9d27705ca00",
        "is_verified": false,
        "line_number": 55
      },
      {
        "type": "Hex High Entropy String",
        "filename": "apps/desktop/e2e/fixtures/source-materialization-reference-v3/world-character.json",
        "hashed_secret": "dd228fb755ffe32735ecf8084cc70a3de74baffa",
        "is_verified": false,
        "line_number": 55
      },
      {
        "type": "Hex High Entropy String",
        "filename": "apps/desktop/e2e/fixtures/source-materialization-reference-v3/world-character.json",
        "hashed_secret": "81f5fd00e8b9501e881eca40c454202513b85828",
        "is_verified": false,
        "line_number": 56
      },
      {
        "type": "Base64 High Entropy String",
        "filename": "apps/desktop/e2e/fixtures/source-materialization-reference-v3/world-character.json",
        "hashed_secret": "1d38de2ebc78495c040d0af3ed528d8ce421bc80",
        "is_verified": false,
        "line_number": 58
      },
      {
        "type": "Base64 High Entropy String",
        "filename": "apps/desktop/e2e/fixtures/source-materialization-reference-v3/world-character.json",
        "hashed_secret": "b44556761716eaabb61d3295d12bc68241a235d3",
        "is_verified": false,
        "line_number": 59
      },
      {
        "type": "Base64 High Entropy String",
        "filename": "apps/desktop/e2e/fixtures/source-materialization-reference-v3/world-character.json",
        "hashed_secret": "ccfd02f742bfd466bf4ae66c6abee9e308f13c09",
        "is_verified": false,
        "line_number": 60
      },
      {
        "type": "Base64 High Entropy String",
        "filename": "apps/desktop/e2e/fixtures/source-materialization-reference-v3/world-character.json",
        "hashed_secret": "36e23ab3e855fb7871bc45ef684ae6e08b41c08f",
        "is_verified": false,
        "line_number": 61
      },
      {
        "type": "Hex High Entropy String",
        "filename": "apps/desktop/e2e/fixtures/source-materialization-reference-v3/world-character.json",
        "hashed_secret": "38de80e78318732d7daa0647816f90af7eb4017f",
        "is_verified": false,
        "line_number": 64
      },
      {
        "type": "Hex High Entropy String",
        "filename": "apps/desktop/e2e/fixtures/source-materialization-reference-v3/world-character.json",
        "hashed_secret": "3b56508d642ed76b088a2959b8d6df0a624d1255",
        "is_verified": false,
        "line_number": 64
      }
    ],
    "apps/desktop/src-tauri/src/account_profile_library/tests.rs": [
      {
        "type": "JSON Web Token",
        "filename": "apps/desktop/src-tauri/src/account_profile_library/tests.rs",
        "hashed_secret": "53f2a59f27c3045da5c9966db5db5411c8b405c6",
        "is_verified": false,
        "line_number": 432
      }
    ],
    "apps/desktop/test/avatar-debug-e2e-closeout.test.ts": [
      {
        "type": "Hex High Entropy String",
        "filename": "apps/desktop/test/avatar-debug-e2e-closeout.test.ts",
        "hashed_secret": "24eba11e36a308296618303094797e5b03232a77",
        "is_verified": false,
        "line_number": 22
      },
      {
        "type": "Hex High Entropy String",
        "filename": "apps/desktop/test/avatar-debug-e2e-closeout.test.ts",
        "hashed_secret": "8771474d7b4043438861757a5a432fd574d10853",
        "is_verified": false,
        "line_number": 23
      }
    ],
    "apps/desktop/test/desktop-updater-public-key.test.ts": [
      {
        "type": "Base64 High Entropy String",
        "filename": "apps/desktop/test/desktop-updater-public-key.test.ts",
        "hashed_secret": "da1a4ee0e5d50a214b6d7d558450642f4c1bfd1f",
        "is_verified": false,
        "line_number": 15
      }
    ],
    "apps/nimi-app-platform-fixture/dist-artifacts/descriptor-evidence.json": [
      {
        "type": "Hex High Entropy String",
        "filename": "apps/nimi-app-platform-fixture/dist-artifacts/descriptor-evidence.json",
        "hashed_secret": "1cf4fbc34a50060f9d58561cf021757e07234ef2",
        "is_verified": false,
        "line_number": 19
      },
      {
        "type": "Hex High Entropy String",
        "filename": "apps/nimi-app-platform-fixture/dist-artifacts/descriptor-evidence.json",
        "hashed_secret": "5f9d5020553765fb4516d607a024544d4fea23da",
        "is_verified": false,
        "line_number": 30
      },
      {
        "type": "Hex High Entropy String",
        "filename": "apps/nimi-app-platform-fixture/dist-artifacts/descriptor-evidence.json",
        "hashed_secret": "cff3e203ed41b9c9a484dbb237590d69898dabc9",
        "is_verified": false,
        "line_number": 35
      },
      {
        "type": "Hex High Entropy String",
        "filename": "apps/nimi-app-platform-fixture/dist-artifacts/descriptor-evidence.json",
        "hashed_secret": "af48ee7f6fcd73d2c6e49d2a4a6b9520934ed41b",
        "is_verified": false,
        "line_number": 40
      },
      {
        "type": "Hex High Entropy String",
        "filename": "apps/nimi-app-platform-fixture/dist-artifacts/descriptor-evidence.json",
        "hashed_secret": "f7f71164a5fa38e1b203a63dc830b97cdf385d54",
        "is_verified": false,
        "line_number": 45
      }
    ],
    "archive/apps/relay/src/main/chat-pipeline/ulid.ts": [
      {
        "type": "Base64 High Entropy String",
        "filename": "archive/apps/relay/src/main/chat-pipeline/ulid.ts",
        "hashed_secret": "3ea6cf17f95e272933a3b927317b7210d1bac5d5",
        "is_verified": false,
        "line_number": 1
      }
    ],
    "archive/sdk-pre-vnext-20260606/src/core/ids.ts": [
      {
        "type": "Base64 High Entropy String",
        "filename": "archive/sdk-pre-vnext-20260606/src/core/ids.ts",
        "hashed_secret": "3ea6cf17f95e272933a3b927317b7210d1bac5d5",
        "is_verified": false,
        "line_number": 4
      }
    ],
    "config/realm-contract-lock.yaml": [
      {
        "type": "Hex High Entropy String",
        "filename": "config/realm-contract-lock.yaml",
        "hashed_secret": "404727e2ab34ad1cb820bb16f1393989cc6802cd",
        "is_verified": false,
        "line_number": 5
      },
      {
        "type": "Hex High Entropy String",
        "filename": "config/realm-contract-lock.yaml",
        "hashed_secret": "ff693030e4f6d55a60492326be97e358299277f6",
        "is_verified": false,
        "line_number": 6
      },
      {
        "type": "Hex High Entropy String",
        "filename": "config/realm-contract-lock.yaml",
        "hashed_secret": "fa3416754cf8a14f63adb0f0be16d4915e53101a",
        "is_verified": false,
        "line_number": 10
      },
      {
        "type": "Hex High Entropy String",
        "filename": "config/realm-contract-lock.yaml",
        "hashed_secret": "8e3cf0a9433f85ecd05ae0a935fb7b1345a73f9d",
        "is_verified": false,
        "line_number": 16
      },
      {
        "type": "Hex High Entropy String",
        "filename": "config/realm-contract-lock.yaml",
        "hashed_secret": "b9e30c100eece880ca61b702a42b7791654ed48b",
        "is_verified": false,
        "line_number": 61
      },
      {
        "type": "Hex High Entropy String",
        "filename": "config/realm-contract-lock.yaml",
        "hashed_secret": "535f343982b4661a00b98f82bfc3a62348d8c13d",
        "is_verified": false,
        "line_number": 102
      },
      {
        "type": "Hex High Entropy String",
        "filename": "config/realm-contract-lock.yaml",
        "hashed_secret": "cd4b227a7816539d8f0f042720530361cb7627c9",
        "is_verified": false,
        "line_number": 129
      },
      {
        "type": "Hex High Entropy String",
        "filename": "config/realm-contract-lock.yaml",
        "hashed_secret": "0bee6dec217a89a04f1337f369faea71502e0f28",
        "is_verified": false,
        "line_number": 130
      },
      {
        "type": "Hex High Entropy String",
        "filename": "config/realm-contract-lock.yaml",
        "hashed_secret": "1b2f9949362ef27bb6560f1a99b89ae741cb5a1d",
        "is_verified": false,
        "line_number": 131
      },
      {
        "type": "Hex High Entropy String",
        "filename": "config/realm-contract-lock.yaml",
        "hashed_secret": "3776fae340ca2af1cd5be1a60d27884f5e577fbf",
        "is_verified": false,
        "line_number": 135
      },
      {
        "type": "Hex High Entropy String",
        "filename": "config/realm-contract-lock.yaml",
        "hashed_secret": "1cc4a30fb13850951a64ffce9165113f298871e5",
        "is_verified": false,
        "line_number": 138
      },
      {
        "type": "Hex High Entropy String",
        "filename": "config/realm-contract-lock.yaml",
        "hashed_secret": "4821e9c1df01db9212748f9bb11233581bcf144b",
        "is_verified": false,
        "line_number": 140
      },
      {
        "type": "Hex High Entropy String",
        "filename": "config/realm-contract-lock.yaml",
        "hashed_secret": "0ad18e672f897f8020bf90c7078720ed24bd7a6d",
        "is_verified": false,
        "line_number": 142
      },
      {
        "type": "Hex High Entropy String",
        "filename": "config/realm-contract-lock.yaml",
        "hashed_secret": "a3119b488edea3e1917fb3b908a48fd89ecd7722",
        "is_verified": false,
        "line_number": 144
      },
      {
        "type": "Hex High Entropy String",
        "filename": "config/realm-contract-lock.yaml",
        "hashed_secret": "0d10b32070c3463ab0b5870d56aadc3ffe549a90",
        "is_verified": false,
        "line_number": 146
      },
      {
        "type": "Hex High Entropy String",
        "filename": "config/realm-contract-lock.yaml",
        "hashed_secret": "808bf2482fe9b97a67209a3558f73459ab67a727",
        "is_verified": false,
        "line_number": 149
      },
      {
        "type": "Hex High Entropy String",
        "filename": "config/realm-contract-lock.yaml",
        "hashed_secret": "b48444df621c640752ecab7325c99ea6416f36c3",
        "is_verified": false,
        "line_number": 151
      },
      {
        "type": "Hex High Entropy String",
        "filename": "config/realm-contract-lock.yaml",
        "hashed_secret": "56c490432080c990e16fbe9856242fa6c64ec4be",
        "is_verified": false,
        "line_number": 153
      },
      {
        "type": "Hex High Entropy String",
        "filename": "config/realm-contract-lock.yaml",
        "hashed_secret": "3b0a7b579eef43cb4f39fd3c6765b6ee6ffe3354",
        "is_verified": false,
        "line_number": 155
      }
    ],
    "config/realm-v3/current-producer-admission.json": [
      {
        "type": "Hex High Entropy String",
        "filename": "config/realm-v3/current-producer-admission.json",
        "hashed_secret": "404727e2ab34ad1cb820bb16f1393989cc6802cd",
        "is_verified": false,
        "line_number": 4
      },
      {
        "type": "Hex High Entropy String",
        "filename": "config/realm-v3/current-producer-admission.json",
        "hashed_secret": "ff693030e4f6d55a60492326be97e358299277f6",
        "is_verified": false,
        "line_number": 5
      },
      {
        "type": "Hex High Entropy String",
        "filename": "config/realm-v3/current-producer-admission.json",
        "hashed_secret": "1cc4a30fb13850951a64ffce9165113f298871e5",
        "is_verified": false,
        "line_number": 10
      },
      {
        "type": "Hex High Entropy String",
        "filename": "config/realm-v3/current-producer-admission.json",
        "hashed_secret": "4821e9c1df01db9212748f9bb11233581bcf144b",
        "is_verified": false,
        "line_number": 14
      },
      {
        "type": "Hex High Entropy String",
        "filename": "config/realm-v3/current-producer-admission.json",
        "hashed_secret": "0ad18e672f897f8020bf90c7078720ed24bd7a6d",
        "is_verified": false,
        "line_number": 18
      },
      {
        "type": "Hex High Entropy String",
        "filename": "config/realm-v3/current-producer-admission.json",
        "hashed_secret": "a3119b488edea3e1917fb3b908a48fd89ecd7722",
        "is_verified": false,
        "line_number": 22
      },
      {
        "type": "Hex High Entropy String",
        "filename": "config/realm-v3/current-producer-admission.json",
        "hashed_secret": "0d10b32070c3463ab0b5870d56aadc3ffe549a90",
        "is_verified": false,
        "line_number": 26
      },
      {
        "type": "Hex High Entropy String",
        "filename": "config/realm-v3/current-producer-admission.json",
        "hashed_secret": "808bf2482fe9b97a67209a3558f73459ab67a727",
        "is_verified": false,
        "line_number": 31
      },
      {
        "type": "Hex High Entropy String",
        "filename": "config/realm-v3/current-producer-admission.json",
        "hashed_secret": "b48444df621c640752ecab7325c99ea6416f36c3",
        "is_verified": false,
        "line_number": 35
      },
      {
        "type": "Hex High Entropy String",
        "filename": "config/realm-v3/current-producer-admission.json",
        "hashed_secret": "56c490432080c990e16fbe9856242fa6c64ec4be",
        "is_verified": false,
        "line_number": 39
      },
      {
        "type": "Hex High Entropy String",
        "filename": "config/realm-v3/current-producer-admission.json",
        "hashed_secret": "3b0a7b579eef43cb4f39fd3c6765b6ee6ffe3354",
        "is_verified": false,
        "line_number": 43
      },
      {
        "type": "Hex High Entropy String",
        "filename": "config/realm-v3/current-producer-admission.json",
        "hashed_secret": "fa3416754cf8a14f63adb0f0be16d4915e53101a",
        "is_verified": false,
        "line_number": 49
      },
      {
        "type": "Hex High Entropy String",
        "filename": "config/realm-v3/current-producer-admission.json",
        "hashed_secret": "8e3cf0a9433f85ecd05ae0a935fb7b1345a73f9d",
        "is_verified": false,
        "line_number": 51
      },
      {
        "type": "Hex High Entropy String",
        "filename": "config/realm-v3/current-producer-admission.json",
        "hashed_secret": "b9e30c100eece880ca61b702a42b7791654ed48b",
        "is_verified": false,
        "line_number": 101
      },
      {
        "type": "Hex High Entropy String",
        "filename": "config/realm-v3/current-producer-admission.json",
        "hashed_secret": "535f343982b4661a00b98f82bfc3a62348d8c13d",
        "is_verified": false,
        "line_number": 151
      },
      {
        "type": "Hex High Entropy String",
        "filename": "config/realm-v3/current-producer-admission.json",
        "hashed_secret": "cd4b227a7816539d8f0f042720530361cb7627c9",
        "is_verified": false,
        "line_number": 186
      },
      {
        "type": "Hex High Entropy String",
        "filename": "config/realm-v3/current-producer-admission.json",
        "hashed_secret": "0bee6dec217a89a04f1337f369faea71502e0f28",
        "is_verified": false,
        "line_number": 190
      },
      {
        "type": "Hex High Entropy String",
        "filename": "config/realm-v3/current-producer-admission.json",
        "hashed_secret": "1b2f9949362ef27bb6560f1a99b89ae741cb5a1d",
        "is_verified": false,
        "line_number": 194
      }
    ],
    "config/realm-v3/handoff-dispositions.json": [
      {
        "type": "Hex High Entropy String",
        "filename": "config/realm-v3/handoff-dispositions.json",
        "hashed_secret": "3b0a7b579eef43cb4f39fd3c6765b6ee6ffe3354",
        "is_verified": false,
        "line_number": 5
      },
      {
        "type": "Base64 High Entropy String",
        "filename": "config/realm-v3/handoff-dispositions.json",
        "hashed_secret": "139b90084f35aca0a60c472995d37b78ceb8ebc4",
        "is_verified": false,
        "line_number": 27
      }
    ],
    "config/realm-v3/protected-sentinel.json": [
      {
        "type": "Hex High Entropy String",
        "filename": "config/realm-v3/protected-sentinel.json",
        "hashed_secret": "9bbdcccc560af8a22bc1a2bc1fb45161f4bf4a1a",
        "is_verified": false,
        "line_number": 3
      },
      {
        "type": "Hex High Entropy String",
        "filename": "config/realm-v3/protected-sentinel.json",
        "hashed_secret": "d20f7a7912ee229c40149243f3100265783f9392",
        "is_verified": false,
        "line_number": 4
      },
      {
        "type": "Hex High Entropy String",
        "filename": "config/realm-v3/protected-sentinel.json",
        "hashed_secret": "7172044a8b7f5a85529921d6627cd126f9de6bec",
        "is_verified": false,
        "line_number": 9
      },
      {
        "type": "Hex High Entropy String",
        "filename": "config/realm-v3/protected-sentinel.json",
        "hashed_secret": "31ea6b44da78cd7a13e5d6989b1fb5909ce9e721",
        "is_verified": false,
        "line_number": 10
      },
      {
        "type": "Hex High Entropy String",
        "filename": "config/realm-v3/protected-sentinel.json",
        "hashed_secret": "0daabdf82a7e7c48bdfe6e3d89e58e6834929979",
        "is_verified": false,
        "line_number": 11
      },
      {
        "type": "Hex High Entropy String",
        "filename": "config/realm-v3/protected-sentinel.json",
        "hashed_secret": "64c157a540f6d2115d096139a770bd633a477cc8",
        "is_verified": false,
        "line_number": 12
      },
      {
        "type": "Hex High Entropy String",
        "filename": "config/realm-v3/protected-sentinel.json",
        "hashed_secret": "b7de433ca6f288872ba38fde78d5f301dcef28ed",
        "is_verified": false,
        "line_number": 15
      },
      {
        "type": "Hex High Entropy String",
        "filename": "config/realm-v3/protected-sentinel.json",
        "hashed_secret": "e9fb7773cec1c8b27a2526f6a684844877143c3e",
        "is_verified": false,
        "line_number": 16
      },
      {
        "type": "Hex High Entropy String",
        "filename": "config/realm-v3/protected-sentinel.json",
        "hashed_secret": "b430b0473deb8197e8e129c5a7b0915597a04221",
        "is_verified": false,
        "line_number": 17
      },
      {
        "type": "Hex High Entropy String",
        "filename": "config/realm-v3/protected-sentinel.json",
        "hashed_secret": "c53a81e3551e7c9fab6b0b05f66154dfa1f47d22",
        "is_verified": false,
        "line_number": 79
      },
      {
        "type": "Hex High Entropy String",
        "filename": "config/realm-v3/protected-sentinel.json",
        "hashed_secret": "01eef737c0402a4210fb94545a0db7a0413b2922",
        "is_verified": false,
        "line_number": 80
      },
      {
        "type": "Hex High Entropy String",
        "filename": "config/realm-v3/protected-sentinel.json",
        "hashed_secret": "b3cc5b3d5f795e64d470c605456540f4e694e1cf",
        "is_verified": false,
        "line_number": 92
      },
      {
        "type": "Hex High Entropy String",
        "filename": "config/realm-v3/protected-sentinel.json",
        "hashed_secret": "3afbb2a3f0fb3053f113b86824d0063ff86a3fdc",
        "is_verified": false,
        "line_number": 93
      },
      {
        "type": "Hex High Entropy String",
        "filename": "config/realm-v3/protected-sentinel.json",
        "hashed_secret": "8783bf06fff30d2a1a679212710fd5f5b0c788bb",
        "is_verified": false,
        "line_number": 105
      },
      {
        "type": "Hex High Entropy String",
        "filename": "config/realm-v3/protected-sentinel.json",
        "hashed_secret": "7a8d7ae6de3645984ed3fa53c8c84884e6cfd0b9",
        "is_verified": false,
        "line_number": 106
      },
      {
        "type": "Hex High Entropy String",
        "filename": "config/realm-v3/protected-sentinel.json",
        "hashed_secret": "1d221007ca9b8cbad2b151fdb38c76bfd1b1c8e8",
        "is_verified": false,
        "line_number": 117
      },
      {
        "type": "Hex High Entropy String",
        "filename": "config/realm-v3/protected-sentinel.json",
        "hashed_secret": "49e3daef4018c5aebb5c3825964c31036acb12a9",
        "is_verified": false,
        "line_number": 118
      },
      {
        "type": "Hex High Entropy String",
        "filename": "config/realm-v3/protected-sentinel.json",
        "hashed_secret": "c6d8b782ad214e62f62341184fba1215b3d05ee1",
        "is_verified": false,
        "line_number": 130
      },
      {
        "type": "Hex High Entropy String",
        "filename": "config/realm-v3/protected-sentinel.json",
        "hashed_secret": "60affb8ba8fe337477dc727cc156fe6050d6e948",
        "is_verified": false,
        "line_number": 131
      },
      {
        "type": "Hex High Entropy String",
        "filename": "config/realm-v3/protected-sentinel.json",
        "hashed_secret": "111d435b9865a8b0897fe0c11c9b866220ab9072",
        "is_verified": false,
        "line_number": 144
      },
      {
        "type": "Hex High Entropy String",
        "filename": "config/realm-v3/protected-sentinel.json",
        "hashed_secret": "5f1f606c3210813a6a5c5e9f96813b8aac8543d6",
        "is_verified": false,
        "line_number": 145
      },
      {
        "type": "Hex High Entropy String",
        "filename": "config/realm-v3/protected-sentinel.json",
        "hashed_secret": "93ea8f8c6a0f7e62ad4c83374731acc80b63e27d",
        "is_verified": false,
        "line_number": 157
      },
      {
        "type": "Hex High Entropy String",
        "filename": "config/realm-v3/protected-sentinel.json",
        "hashed_secret": "9af57e06e32c772ce80ab9df2f15b682c02d7eb0",
        "is_verified": false,
        "line_number": 158
      },
      {
        "type": "Hex High Entropy String",
        "filename": "config/realm-v3/protected-sentinel.json",
        "hashed_secret": "a76f49fff0887d941f3a731f288953df3f9209bf",
        "is_verified": false,
        "line_number": 169
      },
      {
        "type": "Hex High Entropy String",
        "filename": "config/realm-v3/protected-sentinel.json",
        "hashed_secret": "abe4cabfbef068e138d15d5397156691fc00355a",
        "is_verified": false,
        "line_number": 170
      },
      {
        "type": "Hex High Entropy String",
        "filename": "config/realm-v3/protected-sentinel.json",
        "hashed_secret": "6cb0cac339788c87f04710e2782a4b18e53c6018",
        "is_verified": false,
        "line_number": 182
      },
      {
        "type": "Hex High Entropy String",
        "filename": "config/realm-v3/protected-sentinel.json",
        "hashed_secret": "7e44aa3639470fdc661ea1afa18e2668dc1e4d91",
        "is_verified": false,
        "line_number": 183
      },
      {
        "type": "Hex High Entropy String",
        "filename": "config/realm-v3/protected-sentinel.json",
        "hashed_secret": "2d6dd18a9d188818014a5449ddbf456249eda662",
        "is_verified": false,
        "line_number": 194
      },
      {
        "type": "Hex High Entropy String",
        "filename": "config/realm-v3/protected-sentinel.json",
        "hashed_secret": "435304f52fd7ad1e87b0e2b5164144819fec1bdd",
        "is_verified": false,
        "line_number": 195
      },
      {
        "type": "Hex High Entropy String",
        "filename": "config/realm-v3/protected-sentinel.json",
        "hashed_secret": "8826175c3ebaf1f8557db1df7ffcc4d3a75726e2",
        "is_verified": false,
        "line_number": 207
      },
      {
        "type": "Hex High Entropy String",
        "filename": "config/realm-v3/protected-sentinel.json",
        "hashed_secret": "bd7e56fd222b1b13e619673738d9bdeff708acab",
        "is_verified": false,
        "line_number": 208
      },
      {
        "type": "Hex High Entropy String",
        "filename": "config/realm-v3/protected-sentinel.json",
        "hashed_secret": "4d7b36c2ffa01809ac2451f420cc2d5e6105d9c2",
        "is_verified": false,
        "line_number": 220
      },
      {
        "type": "Hex High Entropy String",
        "filename": "config/realm-v3/protected-sentinel.json",
        "hashed_secret": "a4f86c54cd1c7041d6b6cae8af9a8888e0bbaa88",
        "is_verified": false,
        "line_number": 221
      }
    ],
    "kit/shell/protected-local/src/macos_release_trust.rs": [
      {
        "type": "Hex High Entropy String",
        "filename": "kit/shell/protected-local/src/macos_release_trust.rs",
        "hashed_secret": "3aa4dc17e9b3607546f778c778659a2059901f27",
        "is_verified": false,
        "line_number": 489
      }
    ],
    "kit/shell/tauri/src/standard_agent_center/tests.rs": [
      {
        "type": "Base64 High Entropy String",
        "filename": "kit/shell/tauri/src/standard_agent_center/tests.rs",
        "hashed_secret": "1ca7af8fabc995576e45f7ca9cbcddf8cb8e8535",
        "is_verified": false,
        "line_number": 103
      }
    ],
    "kit/shell/tauri/windows-test-manifest.xml": [
      {
        "type": "Hex High Entropy String",
        "filename": "kit/shell/tauri/windows-test-manifest.xml",
        "hashed_secret": "1f0e0bc8d92f1418d08159273ef8f9697ce9ba16",
        "is_verified": false,
        "line_number": 10
      }
    ],
    "nimi-cognition/internal/identity/id.go": [
      {
        "type": "Base64 High Entropy String",
        "filename": "nimi-cognition/internal/identity/id.go",
        "hashed_secret": "3ea6cf17f95e272933a3b927317b7210d1bac5d5",
        "is_verified": false,
        "line_number": 14
      }
    ],
    "runtime/catalog/providers/local.yaml": [
      {
        "type": "Hex High Entropy String",
        "filename": "runtime/catalog/providers/local.yaml",
        "hashed_secret": "b4003115c13d73581f1bd8404843069e7df3cb1f",
        "is_verified": false,
        "line_number": 30
      },
      {
        "type": "Hex High Entropy String",
        "filename": "runtime/catalog/providers/local.yaml",
        "hashed_secret": "fd216215ab8f7c1c87c15c8dacd24053bb339958",
        "is_verified": false,
        "line_number": 528
      },
      {
        "type": "Hex High Entropy String",
        "filename": "runtime/catalog/providers/local.yaml",
        "hashed_secret": "91bb76f448549bf652936fd419a75e2895e83e9a",
        "is_verified": false,
        "line_number": 663
      },
      {
        "type": "Hex High Entropy String",
        "filename": "runtime/catalog/providers/local.yaml",
        "hashed_secret": "3379fd45b2e9ce2344d704396753c92c02349fc6",
        "is_verified": false,
        "line_number": 902
      },
      {
        "type": "Hex High Entropy String",
        "filename": "runtime/catalog/providers/local.yaml",
        "hashed_secret": "69536e56188fee190676764b03102490e16bc6ec",
        "is_verified": false,
        "line_number": 1090
      },
      {
        "type": "Hex High Entropy String",
        "filename": "runtime/catalog/providers/local.yaml",
        "hashed_secret": "64c364b77bf717ca135cd331eec7a354da73c2e0",
        "is_verified": false,
        "line_number": 1249
      },
      {
        "type": "Hex High Entropy String",
        "filename": "runtime/catalog/providers/local.yaml",
        "hashed_secret": "c82b75b6cd17a1d8673433e13c656970c38323da",
        "is_verified": false,
        "line_number": 1284
      }
    ],
    "runtime/gen/realm/v1/source_materialization_openapi.go": [
      {
        "type": "Hex High Entropy String",
        "filename": "runtime/gen/realm/v1/source_materialization_openapi.go",
        "hashed_secret": "cb0bb95d8c95876d24d4e8ab6a63f5a138c23a48",
        "is_verified": false,
        "line_number": 15
      }
    ],
    "runtime/internal/daemon/daemon_protected_test.go": [
      {
        "type": "Base64 High Entropy String",
        "filename": "runtime/internal/daemon/daemon_protected_test.go",
        "hashed_secret": "8e8686cd65473f39919e20f00c02f3076d70a726",
        "is_verified": false,
        "line_number": 337
      }
    ],
    "runtime/internal/engine/uv_test.go": [
      {
        "type": "Hex High Entropy String",
        "filename": "runtime/internal/engine/uv_test.go",
        "hashed_secret": "e12ca6a15d8084d5adf20f5365caa6d656070296",
        "is_verified": false,
        "line_number": 143
      }
    ],
    "runtime/internal/engine/uv_tool_materializer.go": [
      {
        "type": "Hex High Entropy String",
        "filename": "runtime/internal/engine/uv_tool_materializer.go",
        "hashed_secret": "e12ca6a15d8084d5adf20f5365caa6d656070296",
        "is_verified": false,
        "line_number": 25
      },
      {
        "type": "Hex High Entropy String",
        "filename": "runtime/internal/engine/uv_tool_materializer.go",
        "hashed_secret": "15971012fe15677132f65916a2f9e9e92677fb90",
        "is_verified": false,
        "line_number": 31
      },
      {
        "type": "Hex High Entropy String",
        "filename": "runtime/internal/engine/uv_tool_materializer.go",
        "hashed_secret": "d18e9d525f272ba348f6b34f6e789cae0660a3f0",
        "is_verified": false,
        "line_number": 37
      },
      {
        "type": "Hex High Entropy String",
        "filename": "runtime/internal/engine/uv_tool_materializer.go",
        "hashed_secret": "63b7dbd8fd4299301d13f5adce45f2786451e912",
        "is_verified": false,
        "line_number": 43
      },
      {
        "type": "Hex High Entropy String",
        "filename": "runtime/internal/engine/uv_tool_materializer.go",
        "hashed_secret": "e618d5aea2033e0b7e0eb71a78265d817348b788",
        "is_verified": false,
        "line_number": 49
      },
      {
        "type": "Hex High Entropy String",
        "filename": "runtime/internal/engine/uv_tool_materializer.go",
        "hashed_secret": "5336612b57e9c9bd6897625f4e0fe82d314e7360",
        "is_verified": false,
        "line_number": 55
      }
    ],
    "runtime/internal/entrypoint/runtime_production_config_windows_test.go": [
      {
        "type": "Hex High Entropy String",
        "filename": "runtime/internal/entrypoint/runtime_production_config_windows_test.go",
        "hashed_secret": "7432176e25d7e284a0d9476dc5de0b032261385a",
        "is_verified": false,
        "line_number": 70
      },
      {
        "type": "Base64 High Entropy String",
        "filename": "runtime/internal/entrypoint/runtime_production_config_windows_test.go",
        "hashed_secret": "8e8686cd65473f39919e20f00c02f3076d70a726",
        "is_verified": false,
        "line_number": 85
      },
      {
        "type": "Hex High Entropy String",
        "filename": "runtime/internal/entrypoint/runtime_production_config_windows_test.go",
        "hashed_secret": "158b484ae1f6f64f89da22397d25fbdafad02252",
        "is_verified": false,
        "line_number": 115
      }
    ],
    "runtime/internal/grpcserver/contracttest/source_materialization_issuer_source_contract_test.go": [
      {
        "type": "Hex High Entropy String",
        "filename": "runtime/internal/grpcserver/contracttest/source_materialization_issuer_source_contract_test.go",
        "hashed_secret": "535f343982b4661a00b98f82bfc3a62348d8c13d",
        "is_verified": false,
        "line_number": 14
      }
    ],
    "runtime/internal/grpcserver/product_control_data_root_proposal_test.go": [
      {
        "type": "Base64 High Entropy String",
        "filename": "runtime/internal/grpcserver/product_control_data_root_proposal_test.go",
        "hashed_secret": "8e8686cd65473f39919e20f00c02f3076d70a726",
        "is_verified": false,
        "line_number": 19
      }
    ],
    "runtime/internal/grpcserver/product_control_data_root_proposal_windows_test.go": [
      {
        "type": "Base64 High Entropy String",
        "filename": "runtime/internal/grpcserver/product_control_data_root_proposal_windows_test.go",
        "hashed_secret": "8e8686cd65473f39919e20f00c02f3076d70a726",
        "is_verified": false,
        "line_number": 84
      }
    ],
    "runtime/internal/grpcserver/source_materialization_issuer.go": [
      {
        "type": "Hex High Entropy String",
        "filename": "runtime/internal/grpcserver/source_materialization_issuer.go",
        "hashed_secret": "535f343982b4661a00b98f82bfc3a62348d8c13d",
        "is_verified": false,
        "line_number": 13
      }
    ],
    "runtime/internal/grpcserver/source_materialization_issuer_test.go": [
      {
        "type": "Hex High Entropy String",
        "filename": "runtime/internal/grpcserver/source_materialization_issuer_test.go",
        "hashed_secret": "535f343982b4661a00b98f82bfc3a62348d8c13d",
        "is_verified": false,
        "line_number": 41
      }
    ],
    "runtime/internal/grpcserver/source_materialization_wiring_test.go": [
      {
        "type": "Basic Auth Credentials",
        "filename": "runtime/internal/grpcserver/source_materialization_wiring_test.go",
        "hashed_secret": "e5e9fa1ba31ecd1ae84f75caaa474f3a663f05f4",
        "is_verified": false,
        "line_number": 71
      }
    ],
    "runtime/internal/protectedlocal/macos_release_trust_darwin_test.go": [
      {
        "type": "Hex High Entropy String",
        "filename": "runtime/internal/protectedlocal/macos_release_trust_darwin_test.go",
        "hashed_secret": "3aa4dc17e9b3607546f778c778659a2059901f27",
        "is_verified": false,
        "line_number": 32
      }
    ],
    "runtime/internal/services/account/realm_source_materialization_test.go": [
      {
        "type": "Basic Auth Credentials",
        "filename": "runtime/internal/services/account/realm_source_materialization_test.go",
        "hashed_secret": "e5e9fa1ba31ecd1ae84f75caaa474f3a663f05f4",
        "is_verified": false,
        "line_number": 347
      }
    ],
    "runtime/internal/services/account/realm_unary_matrix_test.go": [
      {
        "type": "Basic Auth Credentials",
        "filename": "runtime/internal/services/account/realm_unary_matrix_test.go",
        "hashed_secret": "e5e9fa1ba31ecd1ae84f75caaa474f3a663f05f4",
        "is_verified": false,
        "line_number": 128
      }
    ],
    "runtime/internal/services/localservice/local_environment_job_control_test.go": [
      {
        "type": "Hex High Entropy String",
        "filename": "runtime/internal/services/localservice/local_environment_job_control_test.go",
        "hashed_secret": "f113b1ba9cb43f4a947000f2f41ae10a04190256",
        "is_verified": false,
        "line_number": 403
      },
      {
        "type": "Hex High Entropy String",
        "filename": "runtime/internal/services/localservice/local_environment_job_control_test.go",
        "hashed_secret": "e12ca6a15d8084d5adf20f5365caa6d656070296",
        "is_verified": false,
        "line_number": 825
      }
    ],
    "runtime/internal/services/localservice/local_environment_job_python_test.go": [
      {
        "type": "Hex High Entropy String",
        "filename": "runtime/internal/services/localservice/local_environment_job_python_test.go",
        "hashed_secret": "0966eaf06633067b60000afdb96d139d81c129e6",
        "is_verified": false,
        "line_number": 440
      },
      {
        "type": "Hex High Entropy String",
        "filename": "runtime/internal/services/localservice/local_environment_job_python_test.go",
        "hashed_secret": "071952d73a505e5257487dd54cb02008fb5a785f",
        "is_verified": false,
        "line_number": 694
      },
      {
        "type": "Hex High Entropy String",
        "filename": "runtime/internal/services/localservice/local_environment_job_python_test.go",
        "hashed_secret": "e12ca6a15d8084d5adf20f5365caa6d656070296",
        "is_verified": false,
        "line_number": 1017
      }
    ],
    "runtime/internal/services/localservice/service_model_bundle_test.go": [
      {
        "type": "Hex High Entropy String",
        "filename": "runtime/internal/services/localservice/service_model_bundle_test.go",
        "hashed_secret": "fd216215ab8f7c1c87c15c8dacd24053bb339958",
        "is_verified": false,
        "line_number": 699
      }
    ],
    "runtime/internal/services/runtimeagent/agent_turn_context_source_compiler_v3_test.go": [
      {
        "type": "Hex High Entropy String",
        "filename": "runtime/internal/services/runtimeagent/agent_turn_context_source_compiler_v3_test.go",
        "hashed_secret": "638ad5a74b4081359f7aded8cd1b6c14d51f3216",
        "is_verified": false,
        "line_number": 23
      },
      {
        "type": "Hex High Entropy String",
        "filename": "runtime/internal/services/runtimeagent/agent_turn_context_source_compiler_v3_test.go",
        "hashed_secret": "38de80e78318732d7daa0647816f90af7eb4017f",
        "is_verified": false,
        "line_number": 24
      },
      {
        "type": "Hex High Entropy String",
        "filename": "runtime/internal/services/runtimeagent/agent_turn_context_source_compiler_v3_test.go",
        "hashed_secret": "50231c3617cf7151e06aabe71a2471691232524c",
        "is_verified": false,
        "line_number": 25
      },
      {
        "type": "Hex High Entropy String",
        "filename": "runtime/internal/services/runtimeagent/agent_turn_context_source_compiler_v3_test.go",
        "hashed_secret": "18ab94bcd7e205ffeac3db4bc10cf9fb5d1834b2",
        "is_verified": false,
        "line_number": 35
      },
      {
        "type": "Hex High Entropy String",
        "filename": "runtime/internal/services/runtimeagent/agent_turn_context_source_compiler_v3_test.go",
        "hashed_secret": "d779fcf4a24096286b6cc3f2dfe48a26b3174555",
        "is_verified": false,
        "line_number": 36
      },
      {
        "type": "Hex High Entropy String",
        "filename": "runtime/internal/services/runtimeagent/agent_turn_context_source_compiler_v3_test.go",
        "hashed_secret": "e24bca684c4e4cd234d07f43ad01abccbf90e432",
        "is_verified": false,
        "line_number": 37
      },
      {
        "type": "Hex High Entropy String",
        "filename": "runtime/internal/services/runtimeagent/agent_turn_context_source_compiler_v3_test.go",
        "hashed_secret": "a4ce25e99e6b2f4a1bba95b46e0ae11b816ba5ce",
        "is_verified": false,
        "line_number": 176
      }
    ],
    "runtime/internal/services/runtimeagent/realm_source_materialization_compact_integration_test.go": [
      {
        "type": "Hex High Entropy String",
        "filename": "runtime/internal/services/runtimeagent/realm_source_materialization_compact_integration_test.go",
        "hashed_secret": "535f343982b4661a00b98f82bfc3a62348d8c13d",
        "is_verified": false,
        "line_number": 27
      }
    ],
    "runtime/internal/services/runtimeagent/realm_source_materialization_full_data_security_test.go": [
      {
        "type": "Hex High Entropy String",
        "filename": "runtime/internal/services/runtimeagent/realm_source_materialization_full_data_security_test.go",
        "hashed_secret": "e2cfa3bdc8fea4071801f5d9ef11667bb9565ef5",
        "is_verified": false,
        "line_number": 270
      },
      {
        "type": "Hex High Entropy String",
        "filename": "runtime/internal/services/runtimeagent/realm_source_materialization_full_data_security_test.go",
        "hashed_secret": "fa91fc307c9221af0b32fc5887174fe9819f506b",
        "is_verified": false,
        "line_number": 293
      }
    ],
    "scripts/check-protected-local-authority.test.mjs": [
      {
        "type": "Base64 High Entropy String",
        "filename": "scripts/check-protected-local-authority.test.mjs",
        "hashed_secret": "71a1ac6579b588b99c0669bec9bb9609c34aaae8",
        "is_verified": false,
        "line_number": 278
      }
    ],
    "scripts/check-realm-v3-baseline.mjs": [
      {
        "type": "Hex High Entropy String",
        "filename": "scripts/check-realm-v3-baseline.mjs",
        "hashed_secret": "456d59c0355abe3cbaed653b57fc2e8d3776fdd4",
        "is_verified": false,
        "line_number": 13
      },
      {
        "type": "Hex High Entropy String",
        "filename": "scripts/check-realm-v3-baseline.mjs",
        "hashed_secret": "76a5eace74b460c755bee4d96e017d1e48fb89b8",
        "is_verified": false,
        "line_number": 15
      },
      {
        "type": "Hex High Entropy String",
        "filename": "scripts/check-realm-v3-baseline.mjs",
        "hashed_secret": "4c657597af6bb8e80234e09df8c49875a5779101",
        "is_verified": false,
        "line_number": 16
      },
      {
        "type": "Hex High Entropy String",
        "filename": "scripts/check-realm-v3-baseline.mjs",
        "hashed_secret": "4c0283f46622db184d14c16b5670d9b39d768bb5",
        "is_verified": false,
        "line_number": 17
      },
      {
        "type": "Hex High Entropy String",
        "filename": "scripts/check-realm-v3-baseline.mjs",
        "hashed_secret": "de4da1ede6f8b70c65d7a46680e9ee6b178bd6bb",
        "is_verified": false,
        "line_number": 18
      },
      {
        "type": "Hex High Entropy String",
        "filename": "scripts/check-realm-v3-baseline.mjs",
        "hashed_secret": "85f817ad6a95e0976e6e56b13aa826fc6b863baa",
        "is_verified": false,
        "line_number": 19
      },
      {
        "type": "Hex High Entropy String",
        "filename": "scripts/check-realm-v3-baseline.mjs",
        "hashed_secret": "9bbdcccc560af8a22bc1a2bc1fb45161f4bf4a1a",
        "is_verified": false,
        "line_number": 20
      }
    ],
    "scripts/check-realm-v3-consumer-inventory.mjs": [
      {
        "type": "Hex High Entropy String",
        "filename": "scripts/check-realm-v3-consumer-inventory.mjs",
        "hashed_secret": "188e73d7c3bc1406c844e8aeeb90db9e2199dbfd",
        "is_verified": false,
        "line_number": 42
      },
      {
        "type": "Hex High Entropy String",
        "filename": "scripts/check-realm-v3-consumer-inventory.mjs",
        "hashed_secret": "e6a8a9806ac16a1e3ad3405dacb3f7970fe9a709",
        "is_verified": false,
        "line_number": 43
      },
      {
        "type": "Hex High Entropy String",
        "filename": "scripts/check-realm-v3-consumer-inventory.mjs",
        "hashed_secret": "39d2e73defbb8d03f9cef069b7750f6b1196f099",
        "is_verified": false,
        "line_number": 44
      }
    ],
    "scripts/dev-runtime-service.test.mjs": [
      {
        "type": "Base64 High Entropy String",
        "filename": "scripts/dev-runtime-service.test.mjs",
        "hashed_secret": "1c593af0ecaf875844cd7d575f33294f8f5b1bab",
        "is_verified": false,
        "line_number": 26
      },
      {
        "type": "Base64 High Entropy String",
        "filename": "scripts/dev-runtime-service.test.mjs",
        "hashed_secret": "8e8686cd65473f39919e20f00c02f3076d70a726",
        "is_verified": false,
        "line_number": 50
      }
    ],
    "scripts/generate-realm-contract-lock.mjs": [
      {
        "type": "Hex High Entropy String",
        "filename": "scripts/generate-realm-contract-lock.mjs",
        "hashed_secret": "535f343982b4661a00b98f82bfc3a62348d8c13d",
        "is_verified": false,
        "line_number": 23
      }
    ],
    "scripts/lib/protected-local-authority-check.mjs": [
      {
        "type": "Base64 High Entropy String",
        "filename": "scripts/lib/protected-local-authority-check.mjs",
        "hashed_secret": "ecb7655471153ab67753bea684622a76eb33cdf2",
        "is_verified": false,
        "line_number": 784
      },
      {
        "type": "Base64 High Entropy String",
        "filename": "scripts/lib/protected-local-authority-check.mjs",
        "hashed_secret": "71a1ac6579b588b99c0669bec9bb9609c34aaae8",
        "is_verified": false,
        "line_number": 825
      }
    ],
    "scripts/lib/realm-v3-full-data-contract.mjs": [
      {
        "type": "Hex High Entropy String",
        "filename": "scripts/lib/realm-v3-full-data-contract.mjs",
        "hashed_secret": "dfc6e2ad93a5cdec698f827da5b0b56aef64425e",
        "is_verified": false,
        "line_number": 106
      }
    ],
    "scripts/lib/realm-v3-full-data-live-contract.mjs": [
      {
        "type": "Hex High Entropy String",
        "filename": "scripts/lib/realm-v3-full-data-live-contract.mjs",
        "hashed_secret": "77f0e0867097cb43e05bb4d5c4654b4e1481c693",
        "is_verified": false,
        "line_number": 44
      },
      {
        "type": "Hex High Entropy String",
        "filename": "scripts/lib/realm-v3-full-data-live-contract.mjs",
        "hashed_secret": "7eb16c0f697fc90fed5b44b9a3cea0fbb5ee05a0",
        "is_verified": false,
        "line_number": 45
      },
      {
        "type": "Hex High Entropy String",
        "filename": "scripts/lib/realm-v3-full-data-live-contract.mjs",
        "hashed_secret": "77ba4ad3caeab3d84c981cdcbbb173a1301e19b2",
        "is_verified": false,
        "line_number": 46
      }
    ],
    "scripts/lib/realm-v3-full-data-live-test-fixtures.mjs": [
      {
        "type": "Hex High Entropy String",
        "filename": "scripts/lib/realm-v3-full-data-live-test-fixtures.mjs",
        "hashed_secret": "dfc6e2ad93a5cdec698f827da5b0b56aef64425e",
        "is_verified": false,
        "line_number": 125
      },
      {
        "type": "Hex High Entropy String",
        "filename": "scripts/lib/realm-v3-full-data-live-test-fixtures.mjs",
        "hashed_secret": "b1775a785f09a6ebaf2dc33d6eaeb98974d9cdb8",
        "is_verified": false,
        "line_number": 233
      }
    ],
    "scripts/realm-v3-full-data-census-worker.mjs": [
      {
        "type": "Hex High Entropy String",
        "filename": "scripts/realm-v3-full-data-census-worker.mjs",
        "hashed_secret": "404727e2ab34ad1cb820bb16f1393989cc6802cd",
        "is_verified": false,
        "line_number": 13
      },
      {
        "type": "Hex High Entropy String",
        "filename": "scripts/realm-v3-full-data-census-worker.mjs",
        "hashed_secret": "ff693030e4f6d55a60492326be97e358299277f6",
        "is_verified": false,
        "line_number": 14
      },
      {
        "type": "Hex High Entropy String",
        "filename": "scripts/realm-v3-full-data-census-worker.mjs",
        "hashed_secret": "fa3416754cf8a14f63adb0f0be16d4915e53101a",
        "is_verified": false,
        "line_number": 15
      },
      {
        "type": "Hex High Entropy String",
        "filename": "scripts/realm-v3-full-data-census-worker.mjs",
        "hashed_secret": "535f343982b4661a00b98f82bfc3a62348d8c13d",
        "is_verified": false,
        "line_number": 16
      }
    ],
    "scripts/realm-v3-full-data-live-environment.test.mjs": [
      {
        "type": "Hex High Entropy String",
        "filename": "scripts/realm-v3-full-data-live-environment.test.mjs",
        "hashed_secret": "77f0e0867097cb43e05bb4d5c4654b4e1481c693",
        "is_verified": false,
        "line_number": 263
      },
      {
        "type": "Hex High Entropy String",
        "filename": "scripts/realm-v3-full-data-live-environment.test.mjs",
        "hashed_secret": "7eb16c0f697fc90fed5b44b9a3cea0fbb5ee05a0",
        "is_verified": false,
        "line_number": 264
      },
      {
        "type": "Hex High Entropy String",
        "filename": "scripts/realm-v3-full-data-live-environment.test.mjs",
        "hashed_secret": "77ba4ad3caeab3d84c981cdcbbb173a1301e19b2",
        "is_verified": false,
        "line_number": 265
      },
      {
        "type": "Hex High Entropy String",
        "filename": "scripts/realm-v3-full-data-live-environment.test.mjs",
        "hashed_secret": "dfc6e2ad93a5cdec698f827da5b0b56aef64425e",
        "is_verified": false,
        "line_number": 283
      }
    ],
    "scripts/test-realm-v3-compact.mjs": [
      {
        "type": "Hex High Entropy String",
        "filename": "scripts/test-realm-v3-compact.mjs",
        "hashed_secret": "404727e2ab34ad1cb820bb16f1393989cc6802cd",
        "is_verified": false,
        "line_number": 180
      },
      {
        "type": "Hex High Entropy String",
        "filename": "scripts/test-realm-v3-compact.mjs",
        "hashed_secret": "ff693030e4f6d55a60492326be97e358299277f6",
        "is_verified": false,
        "line_number": 181
      },
      {
        "type": "Hex High Entropy String",
        "filename": "scripts/test-realm-v3-compact.mjs",
        "hashed_secret": "535f343982b4661a00b98f82bfc3a62348d8c13d",
        "is_verified": false,
        "line_number": 184
      }
    ],
    "scripts/testdata/dev-kernel-checkpoint-acceptance/positive.yaml": [
      {
        "type": "Hex High Entropy String",
        "filename": "scripts/testdata/dev-kernel-checkpoint-acceptance/positive.yaml",
        "hashed_secret": "5deb2549f1f27764b84bc6df693f6ebb639e650b",
        "is_verified": false,
        "line_number": 6
      },
      {
        "type": "Hex High Entropy String",
        "filename": "scripts/testdata/dev-kernel-checkpoint-acceptance/positive.yaml",
        "hashed_secret": "1be9b447f80aad228ac6c040d39a03a747daff03",
        "is_verified": false,
        "line_number": 50
      },
      {
        "type": "Hex High Entropy String",
        "filename": "scripts/testdata/dev-kernel-checkpoint-acceptance/positive.yaml",
        "hashed_secret": "8cc637d3493e96ced26872d5cc46c98ab066ab8f",
        "is_verified": false,
        "line_number": 97
      },
      {
        "type": "Hex High Entropy String",
        "filename": "scripts/testdata/dev-kernel-checkpoint-acceptance/positive.yaml",
        "hashed_secret": "4fdd19506e5ac9df6726210bdbdcb5c3e63dd6e2",
        "is_verified": false,
        "line_number": 102
      },
      {
        "type": "Hex High Entropy String",
        "filename": "scripts/testdata/dev-kernel-checkpoint-acceptance/positive.yaml",
        "hashed_secret": "b1c835b8a5de7ea7b7a7bdfc1af4c4dfc2c54298",
        "is_verified": false,
        "line_number": 107
      },
      {
        "type": "Hex High Entropy String",
        "filename": "scripts/testdata/dev-kernel-checkpoint-acceptance/positive.yaml",
        "hashed_secret": "9e74ad03cd811ca664e9d9d5de4bd563319ed0e4",
        "is_verified": false,
        "line_number": 112
      },
      {
        "type": "Hex High Entropy String",
        "filename": "scripts/testdata/dev-kernel-checkpoint-acceptance/positive.yaml",
        "hashed_secret": "351e98f38149e111e4d3b8bafef374ec2c2cf3cd",
        "is_verified": false,
        "line_number": 117
      },
      {
        "type": "Hex High Entropy String",
        "filename": "scripts/testdata/dev-kernel-checkpoint-acceptance/positive.yaml",
        "hashed_secret": "a364aeed54c3ea2a48c1a35d7b6a044109ef27fd",
        "is_verified": false,
        "line_number": 122
      },
      {
        "type": "Hex High Entropy String",
        "filename": "scripts/testdata/dev-kernel-checkpoint-acceptance/positive.yaml",
        "hashed_secret": "915ef55e86b4ef0667596b5da7c1a398c6edd678",
        "is_verified": false,
        "line_number": 127
      },
      {
        "type": "Hex High Entropy String",
        "filename": "scripts/testdata/dev-kernel-checkpoint-acceptance/positive.yaml",
        "hashed_secret": "ace1fa915758c3dd121a3d8aff2e96f20b6f1296",
        "is_verified": false,
        "line_number": 132
      },
      {
        "type": "Hex High Entropy String",
        "filename": "scripts/testdata/dev-kernel-checkpoint-acceptance/positive.yaml",
        "hashed_secret": "cdb4911bcffa9a238961ded471efb1c53531e9f2",
        "is_verified": false,
        "line_number": 137
      },
      {
        "type": "Hex High Entropy String",
        "filename": "scripts/testdata/dev-kernel-checkpoint-acceptance/positive.yaml",
        "hashed_secret": "0904b9c0bdb9633d29f792d26ea46f94be768b9e",
        "is_verified": false,
        "line_number": 142
      },
      {
        "type": "Hex High Entropy String",
        "filename": "scripts/testdata/dev-kernel-checkpoint-acceptance/positive.yaml",
        "hashed_secret": "f630e89d09f6b50a910db0434ca55b6311148f6e",
        "is_verified": false,
        "line_number": 147
      },
      {
        "type": "Hex High Entropy String",
        "filename": "scripts/testdata/dev-kernel-checkpoint-acceptance/positive.yaml",
        "hashed_secret": "77102fa948d2f33abceba6701b9c82dce4335231",
        "is_verified": false,
        "line_number": 152
      }
    ],
    "scripts/testdata/dev-kernel-checkpoint-acceptance/runner/artifact-manifest.json": [
      {
        "type": "Hex High Entropy String",
        "filename": "scripts/testdata/dev-kernel-checkpoint-acceptance/runner/artifact-manifest.json",
        "hashed_secret": "8d57040ea71be3a3b9073b0b968e7cfb57462134",
        "is_verified": false,
        "line_number": 6
      },
      {
        "type": "Hex High Entropy String",
        "filename": "scripts/testdata/dev-kernel-checkpoint-acceptance/runner/artifact-manifest.json",
        "hashed_secret": "4dfe2a1cb3187049bd17884a16877f605d7af904",
        "is_verified": false,
        "line_number": 7
      },
      {
        "type": "Hex High Entropy String",
        "filename": "scripts/testdata/dev-kernel-checkpoint-acceptance/runner/artifact-manifest.json",
        "hashed_secret": "6e56238f16ac22f7560e437bcc34e8aebbfb1bc0",
        "is_verified": false,
        "line_number": 8
      },
      {
        "type": "Hex High Entropy String",
        "filename": "scripts/testdata/dev-kernel-checkpoint-acceptance/runner/artifact-manifest.json",
        "hashed_secret": "efe0fd0aa0cd4af0a2c9014170a86a78fcdfea5d",
        "is_verified": false,
        "line_number": 9
      },
      {
        "type": "Hex High Entropy String",
        "filename": "scripts/testdata/dev-kernel-checkpoint-acceptance/runner/artifact-manifest.json",
        "hashed_secret": "6681d85bc620e10022654b8e0d2371beda12eb04",
        "is_verified": false,
        "line_number": 10
      },
      {
        "type": "Hex High Entropy String",
        "filename": "scripts/testdata/dev-kernel-checkpoint-acceptance/runner/artifact-manifest.json",
        "hashed_secret": "892b11bf57146f17f4a97e09643ed9fff8242fd7",
        "is_verified": false,
        "line_number": 11
      },
      {
        "type": "Hex High Entropy String",
        "filename": "scripts/testdata/dev-kernel-checkpoint-acceptance/runner/artifact-manifest.json",
        "hashed_secret": "9ba2289031f292ac10ffc6d0c6f8526453f51696",
        "is_verified": false,
        "line_number": 12
      },
      {
        "type": "Hex High Entropy String",
        "filename": "scripts/testdata/dev-kernel-checkpoint-acceptance/runner/artifact-manifest.json",
        "hashed_secret": "8ec0cc67fef1cb3ed06eba288a82407e319e4bb7",
        "is_verified": false,
        "line_number": 13
      },
      {
        "type": "Hex High Entropy String",
        "filename": "scripts/testdata/dev-kernel-checkpoint-acceptance/runner/artifact-manifest.json",
        "hashed_secret": "78e4772c2bed21e7d1723f709746abba21ce44a9",
        "is_verified": false,
        "line_number": 14
      },
      {
        "type": "Hex High Entropy String",
        "filename": "scripts/testdata/dev-kernel-checkpoint-acceptance/runner/artifact-manifest.json",
        "hashed_secret": "4811d85270ab521a20db40d031249606ac4b4c0b",
        "is_verified": false,
        "line_number": 15
      }
    ],
    "scripts/testdata/dev-kernel-checkpoint-acceptance/runner/result.json": [
      {
        "type": "Hex High Entropy String",
        "filename": "scripts/testdata/dev-kernel-checkpoint-acceptance/runner/result.json",
        "hashed_secret": "4dfe2a1cb3187049bd17884a16877f605d7af904",
        "is_verified": false,
        "line_number": 47
      },
      {
        "type": "Hex High Entropy String",
        "filename": "scripts/testdata/dev-kernel-checkpoint-acceptance/runner/result.json",
        "hashed_secret": "6e56238f16ac22f7560e437bcc34e8aebbfb1bc0",
        "is_verified": false,
        "line_number": 48
      },
      {
        "type": "Hex High Entropy String",
        "filename": "scripts/testdata/dev-kernel-checkpoint-acceptance/runner/result.json",
        "hashed_secret": "efe0fd0aa0cd4af0a2c9014170a86a78fcdfea5d",
        "is_verified": false,
        "line_number": 49
      },
      {
        "type": "Hex High Entropy String",
        "filename": "scripts/testdata/dev-kernel-checkpoint-acceptance/runner/result.json",
        "hashed_secret": "6681d85bc620e10022654b8e0d2371beda12eb04",
        "is_verified": false,
        "line_number": 50
      },
      {
        "type": "Hex High Entropy String",
        "filename": "scripts/testdata/dev-kernel-checkpoint-acceptance/runner/result.json",
        "hashed_secret": "892b11bf57146f17f4a97e09643ed9fff8242fd7",
        "is_verified": false,
        "line_number": 51
      },
      {
        "type": "Hex High Entropy String",
        "filename": "scripts/testdata/dev-kernel-checkpoint-acceptance/runner/result.json",
        "hashed_secret": "9ba2289031f292ac10ffc6d0c6f8526453f51696",
        "is_verified": false,
        "line_number": 52
      },
      {
        "type": "Hex High Entropy String",
        "filename": "scripts/testdata/dev-kernel-checkpoint-acceptance/runner/result.json",
        "hashed_secret": "8ec0cc67fef1cb3ed06eba288a82407e319e4bb7",
        "is_verified": false,
        "line_number": 53
      },
      {
        "type": "Hex High Entropy String",
        "filename": "scripts/testdata/dev-kernel-checkpoint-acceptance/runner/result.json",
        "hashed_secret": "78e4772c2bed21e7d1723f709746abba21ce44a9",
        "is_verified": false,
        "line_number": 54
      },
      {
        "type": "Hex High Entropy String",
        "filename": "scripts/testdata/dev-kernel-checkpoint-acceptance/runner/result.json",
        "hashed_secret": "4811d85270ab521a20db40d031249606ac4b4c0b",
        "is_verified": false,
        "line_number": 55
      }
    ],
    "scripts/testdata/dev-kernel-checkpoint-acceptance/synthetic-authority-convergence.json": [
      {
        "type": "Hex High Entropy String",
        "filename": "scripts/testdata/dev-kernel-checkpoint-acceptance/synthetic-authority-convergence.json",
        "hashed_secret": "5deb2549f1f27764b84bc6df693f6ebb639e650b",
        "is_verified": false,
        "line_number": 4
      },
      {
        "type": "Hex High Entropy String",
        "filename": "scripts/testdata/dev-kernel-checkpoint-acceptance/synthetic-authority-convergence.json",
        "hashed_secret": "be0566c6327a8a95bb7b14d39b0eeb388ec5065e",
        "is_verified": false,
        "line_number": 15
      }
    ],
    "scripts/testdata/dev-kernel-checkpoint-acceptance/synthetic-developer-mode-journey.json": [
      {
        "type": "Hex High Entropy String",
        "filename": "scripts/testdata/dev-kernel-checkpoint-acceptance/synthetic-developer-mode-journey.json",
        "hashed_secret": "5deb2549f1f27764b84bc6df693f6ebb639e650b",
        "is_verified": false,
        "line_number": 4
      },
      {
        "type": "Hex High Entropy String",
        "filename": "scripts/testdata/dev-kernel-checkpoint-acceptance/synthetic-developer-mode-journey.json",
        "hashed_secret": "3e05042e7e3c750bfe583108b6a615ff019cb1b9",
        "is_verified": false,
        "line_number": 16
      },
      {
        "type": "Hex High Entropy String",
        "filename": "scripts/testdata/dev-kernel-checkpoint-acceptance/synthetic-developer-mode-journey.json",
        "hashed_secret": "3bb052ef919d7f474f62b3f1268abe6117082e9e",
        "is_verified": false,
        "line_number": 21
      },
      {
        "type": "Hex High Entropy String",
        "filename": "scripts/testdata/dev-kernel-checkpoint-acceptance/synthetic-developer-mode-journey.json",
        "hashed_secret": "8d57040ea71be3a3b9073b0b968e7cfb57462134",
        "is_verified": false,
        "line_number": 22
      },
      {
        "type": "Hex High Entropy String",
        "filename": "scripts/testdata/dev-kernel-checkpoint-acceptance/synthetic-developer-mode-journey.json",
        "hashed_secret": "18306db7151079b36ae514ade84e6ce61b2dbd0d",
        "is_verified": false,
        "line_number": 23
      }
    ],
    "scripts/testdata/dev-kernel-checkpoint-acceptance/synthetic-execution-close-reconciliation.json": [
      {
        "type": "Hex High Entropy String",
        "filename": "scripts/testdata/dev-kernel-checkpoint-acceptance/synthetic-execution-close-reconciliation.json",
        "hashed_secret": "5deb2549f1f27764b84bc6df693f6ebb639e650b",
        "is_verified": false,
        "line_number": 4
      },
      {
        "type": "Hex High Entropy String",
        "filename": "scripts/testdata/dev-kernel-checkpoint-acceptance/synthetic-execution-close-reconciliation.json",
        "hashed_secret": "3e05042e7e3c750bfe583108b6a615ff019cb1b9",
        "is_verified": false,
        "line_number": 10
      },
      {
        "type": "Hex High Entropy String",
        "filename": "scripts/testdata/dev-kernel-checkpoint-acceptance/synthetic-execution-close-reconciliation.json",
        "hashed_secret": "3bb052ef919d7f474f62b3f1268abe6117082e9e",
        "is_verified": false,
        "line_number": 15
      },
      {
        "type": "Hex High Entropy String",
        "filename": "scripts/testdata/dev-kernel-checkpoint-acceptance/synthetic-execution-close-reconciliation.json",
        "hashed_secret": "8d57040ea71be3a3b9073b0b968e7cfb57462134",
        "is_verified": false,
        "line_number": 16
      },
      {
        "type": "Hex High Entropy String",
        "filename": "scripts/testdata/dev-kernel-checkpoint-acceptance/synthetic-execution-close-reconciliation.json",
        "hashed_secret": "18306db7151079b36ae514ade84e6ce61b2dbd0d",
        "is_verified": false,
        "line_number": 17
      }
    ],
    "scripts/testdata/dev-kernel-checkpoint-acceptance/synthetic-execution-observation.json": [
      {
        "type": "Hex High Entropy String",
        "filename": "scripts/testdata/dev-kernel-checkpoint-acceptance/synthetic-execution-observation.json",
        "hashed_secret": "3e05042e7e3c750bfe583108b6a615ff019cb1b9",
        "is_verified": false,
        "line_number": 3
      }
    ],
    "scripts/testdata/dev-kernel-checkpoint-acceptance/synthetic-execution-owner-gate.json": [
      {
        "type": "Hex High Entropy String",
        "filename": "scripts/testdata/dev-kernel-checkpoint-acceptance/synthetic-execution-owner-gate.json",
        "hashed_secret": "5deb2549f1f27764b84bc6df693f6ebb639e650b",
        "is_verified": false,
        "line_number": 4
      },
      {
        "type": "Hex High Entropy String",
        "filename": "scripts/testdata/dev-kernel-checkpoint-acceptance/synthetic-execution-owner-gate.json",
        "hashed_secret": "3e05042e7e3c750bfe583108b6a615ff019cb1b9",
        "is_verified": false,
        "line_number": 10
      },
      {
        "type": "Hex High Entropy String",
        "filename": "scripts/testdata/dev-kernel-checkpoint-acceptance/synthetic-execution-owner-gate.json",
        "hashed_secret": "3bb052ef919d7f474f62b3f1268abe6117082e9e",
        "is_verified": false,
        "line_number": 15
      }
    ],
    "scripts/testdata/dev-kernel-checkpoint-acceptance/synthetic-execution-privacy-audit.json": [
      {
        "type": "Hex High Entropy String",
        "filename": "scripts/testdata/dev-kernel-checkpoint-acceptance/synthetic-execution-privacy-audit.json",
        "hashed_secret": "5deb2549f1f27764b84bc6df693f6ebb639e650b",
        "is_verified": false,
        "line_number": 4
      },
      {
        "type": "Hex High Entropy String",
        "filename": "scripts/testdata/dev-kernel-checkpoint-acceptance/synthetic-execution-privacy-audit.json",
        "hashed_secret": "3e05042e7e3c750bfe583108b6a615ff019cb1b9",
        "is_verified": false,
        "line_number": 11
      },
      {
        "type": "Hex High Entropy String",
        "filename": "scripts/testdata/dev-kernel-checkpoint-acceptance/synthetic-execution-privacy-audit.json",
        "hashed_secret": "3bb052ef919d7f474f62b3f1268abe6117082e9e",
        "is_verified": false,
        "line_number": 16
      },
      {
        "type": "Hex High Entropy String",
        "filename": "scripts/testdata/dev-kernel-checkpoint-acceptance/synthetic-execution-privacy-audit.json",
        "hashed_secret": "8d57040ea71be3a3b9073b0b968e7cfb57462134",
        "is_verified": false,
        "line_number": 17
      },
      {
        "type": "Hex High Entropy String",
        "filename": "scripts/testdata/dev-kernel-checkpoint-acceptance/synthetic-execution-privacy-audit.json",
        "hashed_secret": "18306db7151079b36ae514ade84e6ce61b2dbd0d",
        "is_verified": false,
        "line_number": 18
      }
    ],
    "scripts/testdata/dev-kernel-checkpoint-acceptance/synthetic-local-agent-journey.json": [
      {
        "type": "Hex High Entropy String",
        "filename": "scripts/testdata/dev-kernel-checkpoint-acceptance/synthetic-local-agent-journey.json",
        "hashed_secret": "5deb2549f1f27764b84bc6df693f6ebb639e650b",
        "is_verified": false,
        "line_number": 4
      },
      {
        "type": "Hex High Entropy String",
        "filename": "scripts/testdata/dev-kernel-checkpoint-acceptance/synthetic-local-agent-journey.json",
        "hashed_secret": "3e05042e7e3c750bfe583108b6a615ff019cb1b9",
        "is_verified": false,
        "line_number": 14
      },
      {
        "type": "Hex High Entropy String",
        "filename": "scripts/testdata/dev-kernel-checkpoint-acceptance/synthetic-local-agent-journey.json",
        "hashed_secret": "3bb052ef919d7f474f62b3f1268abe6117082e9e",
        "is_verified": false,
        "line_number": 19
      },
      {
        "type": "Hex High Entropy String",
        "filename": "scripts/testdata/dev-kernel-checkpoint-acceptance/synthetic-local-agent-journey.json",
        "hashed_secret": "8d57040ea71be3a3b9073b0b968e7cfb57462134",
        "is_verified": false,
        "line_number": 20
      },
      {
        "type": "Hex High Entropy String",
        "filename": "scripts/testdata/dev-kernel-checkpoint-acceptance/synthetic-local-agent-journey.json",
        "hashed_secret": "18306db7151079b36ae514ade84e6ce61b2dbd0d",
        "is_verified": false,
        "line_number": 21
      }
    ],
    "scripts/testdata/dev-kernel-checkpoint-acceptance/synthetic-real-shell-audit.json": [
      {
        "type": "Hex High Entropy String",
        "filename": "scripts/testdata/dev-kernel-checkpoint-acceptance/synthetic-real-shell-audit.json",
        "hashed_secret": "5deb2549f1f27764b84bc6df693f6ebb639e650b",
        "is_verified": false,
        "line_number": 4
      },
      {
        "type": "Hex High Entropy String",
        "filename": "scripts/testdata/dev-kernel-checkpoint-acceptance/synthetic-real-shell-audit.json",
        "hashed_secret": "3e05042e7e3c750bfe583108b6a615ff019cb1b9",
        "is_verified": false,
        "line_number": 10
      },
      {
        "type": "Hex High Entropy String",
        "filename": "scripts/testdata/dev-kernel-checkpoint-acceptance/synthetic-real-shell-audit.json",
        "hashed_secret": "3bb052ef919d7f474f62b3f1268abe6117082e9e",
        "is_verified": false,
        "line_number": 15
      },
      {
        "type": "Hex High Entropy String",
        "filename": "scripts/testdata/dev-kernel-checkpoint-acceptance/synthetic-real-shell-audit.json",
        "hashed_secret": "8d57040ea71be3a3b9073b0b968e7cfb57462134",
        "is_verified": false,
        "line_number": 16
      },
      {
        "type": "Hex High Entropy String",
        "filename": "scripts/testdata/dev-kernel-checkpoint-acceptance/synthetic-real-shell-audit.json",
        "hashed_secret": "18306db7151079b36ae514ade84e6ce61b2dbd0d",
        "is_verified": false,
        "line_number": 17
      }
    ],
    "scripts/testdata/dev-kernel-checkpoint-acceptance/synthetic-runtime-trace.json": [
      {
        "type": "Hex High Entropy String",
        "filename": "scripts/testdata/dev-kernel-checkpoint-acceptance/synthetic-runtime-trace.json",
        "hashed_secret": "5deb2549f1f27764b84bc6df693f6ebb639e650b",
        "is_verified": false,
        "line_number": 4
      },
      {
        "type": "Hex High Entropy String",
        "filename": "scripts/testdata/dev-kernel-checkpoint-acceptance/synthetic-runtime-trace.json",
        "hashed_secret": "3e05042e7e3c750bfe583108b6a615ff019cb1b9",
        "is_verified": false,
        "line_number": 15
      },
      {
        "type": "Hex High Entropy String",
        "filename": "scripts/testdata/dev-kernel-checkpoint-acceptance/synthetic-runtime-trace.json",
        "hashed_secret": "3bb052ef919d7f474f62b3f1268abe6117082e9e",
        "is_verified": false,
        "line_number": 20
      },
      {
        "type": "Hex High Entropy String",
        "filename": "scripts/testdata/dev-kernel-checkpoint-acceptance/synthetic-runtime-trace.json",
        "hashed_secret": "8d57040ea71be3a3b9073b0b968e7cfb57462134",
        "is_verified": false,
        "line_number": 21
      },
      {
        "type": "Hex High Entropy String",
        "filename": "scripts/testdata/dev-kernel-checkpoint-acceptance/synthetic-runtime-trace.json",
        "hashed_secret": "18306db7151079b36ae514ade84e6ce61b2dbd0d",
        "is_verified": false,
        "line_number": 22
      }
    ],
    "scripts/testdata/dev-kernel-checkpoint-acceptance/synthetic-security-negative.json": [
      {
        "type": "Hex High Entropy String",
        "filename": "scripts/testdata/dev-kernel-checkpoint-acceptance/synthetic-security-negative.json",
        "hashed_secret": "5deb2549f1f27764b84bc6df693f6ebb639e650b",
        "is_verified": false,
        "line_number": 4
      },
      {
        "type": "Hex High Entropy String",
        "filename": "scripts/testdata/dev-kernel-checkpoint-acceptance/synthetic-security-negative.json",
        "hashed_secret": "3e05042e7e3c750bfe583108b6a615ff019cb1b9",
        "is_verified": false,
        "line_number": 15
      },
      {
        "type": "Hex High Entropy String",
        "filename": "scripts/testdata/dev-kernel-checkpoint-acceptance/synthetic-security-negative.json",
        "hashed_secret": "3bb052ef919d7f474f62b3f1268abe6117082e9e",
        "is_verified": false,
        "line_number": 20
      }
    ],
    "scripts/testdata/dev-kernel-checkpoint-acceptance/synthetic-static-close-reconciliation.json": [
      {
        "type": "Hex High Entropy String",
        "filename": "scripts/testdata/dev-kernel-checkpoint-acceptance/synthetic-static-close-reconciliation.json",
        "hashed_secret": "5deb2549f1f27764b84bc6df693f6ebb639e650b",
        "is_verified": false,
        "line_number": 4
      },
      {
        "type": "Hex High Entropy String",
        "filename": "scripts/testdata/dev-kernel-checkpoint-acceptance/synthetic-static-close-reconciliation.json",
        "hashed_secret": "be0566c6327a8a95bb7b14d39b0eeb388ec5065e",
        "is_verified": false,
        "line_number": 13
      }
    ],
    "scripts/testdata/dev-kernel-checkpoint-acceptance/synthetic-static-owner-gates.json": [
      {
        "type": "Hex High Entropy String",
        "filename": "scripts/testdata/dev-kernel-checkpoint-acceptance/synthetic-static-owner-gates.json",
        "hashed_secret": "5deb2549f1f27764b84bc6df693f6ebb639e650b",
        "is_verified": false,
        "line_number": 4
      },
      {
        "type": "Hex High Entropy String",
        "filename": "scripts/testdata/dev-kernel-checkpoint-acceptance/synthetic-static-owner-gates.json",
        "hashed_secret": "be0566c6327a8a95bb7b14d39b0eeb388ec5065e",
        "is_verified": false,
        "line_number": 19
      }
    ],
    "scripts/testdata/dev-kernel-checkpoint-acceptance/synthetic-static-privacy-audit.json": [
      {
        "type": "Hex High Entropy String",
        "filename": "scripts/testdata/dev-kernel-checkpoint-acceptance/synthetic-static-privacy-audit.json",
        "hashed_secret": "5deb2549f1f27764b84bc6df693f6ebb639e650b",
        "is_verified": false,
        "line_number": 4
      },
      {
        "type": "Hex High Entropy String",
        "filename": "scripts/testdata/dev-kernel-checkpoint-acceptance/synthetic-static-privacy-audit.json",
        "hashed_secret": "be0566c6327a8a95bb7b14d39b0eeb388ec5065e",
        "is_verified": false,
        "line_number": 11
      }
    ],
    "tests/local-agent-product/contract/plan.mjs": [
      {
        "type": "Base64 High Entropy String",
        "filename": "tests/local-agent-product/contract/plan.mjs",
        "hashed_secret": "15c0605219e2c4a18c88e185dc4afab2a06a49dd",
        "is_verified": false,
        "line_number": 106
      },
      {
        "type": "Base64 High Entropy String",
        "filename": "tests/local-agent-product/contract/plan.mjs",
        "hashed_secret": "f90b23262ae4c2432364bb1478e7c321be766537",
        "is_verified": false,
        "line_number": 126
      }
    ],
    "tests/local-agent-product/harness/dev-kernel-owner-minimal-contract.test.mjs": [
      {
        "type": "Base64 High Entropy String",
        "filename": "tests/local-agent-product/harness/dev-kernel-owner-minimal-contract.test.mjs",
        "hashed_secret": "8e8686cd65473f39919e20f00c02f3076d70a726",
        "is_verified": false,
        "line_number": 107
      }
    ]
  },
  "generated_at": "2026-07-19T19:23:40Z"
}
